Archive member included to satisfy reference by file (symbol)

C:/ST/STM32CubeIDE_1.19.0/STM32CubeIDE/plugins/com.st.stm32cube.ide.mcu.externaltools.gnu-tools-for-stm32.13.3.rel1.win32_1.0.0.202411081344/tools/bin/../lib/gcc/arm-none-eabi/13.3.1/../../../../arm-none-eabi/lib/thumb/v7e-m+fp/hard\libc_nano.a(libc_a-exit.o)
                              C:/ST/STM32CubeIDE_1.19.0/STM32CubeIDE/plugins/com.st.stm32cube.ide.mcu.externaltools.gnu-tools-for-stm32.13.3.rel1.win32_1.0.0.202411081344/tools/bin/../lib/gcc/arm-none-eabi/13.3.1/../../../../arm-none-eabi/lib/thumb/v7e-m+fp/hard/crt0.o (exit)
C:/ST/STM32CubeIDE_1.19.0/STM32CubeIDE/plugins/com.st.stm32cube.ide.mcu.externaltools.gnu-tools-for-stm32.13.3.rel1.win32_1.0.0.202411081344/tools/bin/../lib/gcc/arm-none-eabi/13.3.1/../../../../arm-none-eabi/lib/thumb/v7e-m+fp/hard\libc_nano.a(libc_a-nano-vfprintf_float.o)
                              (_printf_float)
C:/ST/STM32CubeIDE_1.19.0/STM32CubeIDE/plugins/com.st.stm32cube.ide.mcu.externaltools.gnu-tools-for-stm32.13.3.rel1.win32_1.0.0.202411081344/tools/bin/../lib/gcc/arm-none-eabi/13.3.1/../../../../arm-none-eabi/lib/thumb/v7e-m+fp/hard\libc_nano.a(libc_a-nano-vfprintf_i.o)
                              C:/ST/STM32CubeIDE_1.19.0/STM32CubeIDE/plugins/com.st.stm32cube.ide.mcu.externaltools.gnu-tools-for-stm32.13.3.rel1.win32_1.0.0.202411081344/tools/bin/../lib/gcc/arm-none-eabi/13.3.1/../../../../arm-none-eabi/lib/thumb/v7e-m+fp/hard\libc_nano.a(libc_a-nano-vfprintf_float.o) (_printf_common)
C:/ST/STM32CubeIDE_1.19.0/STM32CubeIDE/plugins/com.st.stm32cube.ide.mcu.externaltools.gnu-tools-for-stm32.13.3.rel1.win32_1.0.0.202411081344/tools/bin/../lib/gcc/arm-none-eabi/13.3.1/../../../../arm-none-eabi/lib/thumb/v7e-m+fp/hard\libc_nano.a(libc_a-findfp.o)
                              ./Middlewares/Third_Party/FreeRTOS/Source/tasks.o (__sf)
C:/ST/STM32CubeIDE_1.19.0/STM32CubeIDE/plugins/com.st.stm32cube.ide.mcu.externaltools.gnu-tools-for-stm32.13.3.rel1.win32_1.0.0.202411081344/tools/bin/../lib/gcc/arm-none-eabi/13.3.1/../../../../arm-none-eabi/lib/thumb/v7e-m+fp/hard\libc_nano.a(libc_a-fwalk.o)
                              C:/ST/STM32CubeIDE_1.19.0/STM32CubeIDE/plugins/com.st.stm32cube.ide.mcu.externaltools.gnu-tools-for-stm32.13.3.rel1.win32_1.0.0.202411081344/tools/bin/../lib/gcc/arm-none-eabi/13.3.1/../../../../arm-none-eabi/lib/thumb/v7e-m+fp/hard\libc_nano.a(libc_a-findfp.o) (_fwalk_sglue)
C:/ST/STM32CubeIDE_1.19.0/STM32CubeIDE/plugins/com.st.stm32cube.ide.mcu.externaltools.gnu-tools-for-stm32.13.3.rel1.win32_1.0.0.202411081344/tools/bin/../lib/gcc/arm-none-eabi/13.3.1/../../../../arm-none-eabi/lib/thumb/v7e-m+fp/hard\libc_nano.a(libc_a-snprintf.o)
                              ./Core/Src/main.o (snprintf)
C:/ST/STM32CubeIDE_1.19.0/STM32CubeIDE/plugins/com.st.stm32cube.ide.mcu.externaltools.gnu-tools-for-stm32.13.3.rel1.win32_1.0.0.202411081344/tools/bin/../lib/gcc/arm-none-eabi/13.3.1/../../../../arm-none-eabi/lib/thumb/v7e-m+fp/hard\libc_nano.a(libc_a-stdio.o)
                              C:/ST/STM32CubeIDE_1.19.0/STM32CubeIDE/plugins/com.st.stm32cube.ide.mcu.externaltools.gnu-tools-for-stm32.13.3.rel1.win32_1.0.0.202411081344/tools/bin/../lib/gcc/arm-none-eabi/13.3.1/../../../../arm-none-eabi/lib/thumb/v7e-m+fp/hard\libc_nano.a(libc_a-findfp.o) (__sread)
C:/ST/STM32CubeIDE_1.19.0/STM32CubeIDE/plugins/com.st.stm32cube.ide.mcu.externaltools.gnu-tools-for-stm32.13.3.rel1.win32_1.0.0.202411081344/tools/bin/../lib/gcc/arm-none-eabi/13.3.1/../../../../arm-none-eabi/lib/thumb/v7e-m+fp/hard\libc_nano.a(libc_a-memset.o)
                              C:/ST/STM32CubeIDE_1.19.0/STM32CubeIDE/plugins/com.st.stm32cube.ide.mcu.externaltools.gnu-tools-for-stm32.13.3.rel1.win32_1.0.0.202411081344/tools/bin/../lib/gcc/arm-none-eabi/13.3.1/../../../../arm-none-eabi/lib/thumb/v7e-m+fp/hard/crt0.o (memset)
C:/ST/STM32CubeIDE_1.19.0/STM32CubeIDE/plugins/com.st.stm32cube.ide.mcu.externaltools.gnu-tools-for-stm32.13.3.rel1.win32_1.0.0.202411081344/tools/bin/../lib/gcc/arm-none-eabi/13.3.1/../../../../arm-none-eabi/lib/thumb/v7e-m+fp/hard\libc_nano.a(libc_a-strncmp.o)
                              ./Core/Src/main.o (strncmp)
C:/ST/STM32CubeIDE_1.19.0/STM32CubeIDE/plugins/com.st.stm32cube.ide.mcu.externaltools.gnu-tools-for-stm32.13.3.rel1.win32_1.0.0.202411081344/tools/bin/../lib/gcc/arm-none-eabi/13.3.1/../../../../arm-none-eabi/lib/thumb/v7e-m+fp/hard\libc_nano.a(libc_a-localeconv.o)
                              C:/ST/STM32CubeIDE_1.19.0/STM32CubeIDE/plugins/com.st.stm32cube.ide.mcu.externaltools.gnu-tools-for-stm32.13.3.rel1.win32_1.0.0.202411081344/tools/bin/../lib/gcc/arm-none-eabi/13.3.1/../../../../arm-none-eabi/lib/thumb/v7e-m+fp/hard\libc_nano.a(libc_a-nano-vfprintf_float.o) (_localeconv_r)
[...]
Memory Configuration

Name             Origin             Length             Attributes
RAM              0x20000000         0x00020000         xrw
FLASH            0x08000000         0x00080000         xr
*default*        0x00000000         0xffffffff

Linker script and memory map

LOAD C:/ST/STM32CubeIDE_1.19.0/STM32CubeIDE/plugins/com.st.stm32cube.ide.mcu.externaltools.gnu-tools-for-stm32.13.3.rel1.win32_1.0.0.202411081344/tools/bin/../lib/gcc/arm-none-eabi/13.3.1/thumb/v7e-m+fp/hard/crti.o
LOAD C:/ST/STM32CubeIDE_1.19.0/STM32CubeIDE/plugins/com.st.stm32cube.ide.mcu.externaltools.gnu-tools-for-stm32.13.3.rel1.win32_1.0.0.202411081344/tools/bin/../lib/gcc/arm-none-eabi/13.3.1/thumb/v7e-m+fp/hard/crtbegin.o
LOAD C:/ST/STM32CubeIDE_1.19.0/STM32CubeIDE/plugins/com.st.stm32cube.ide.mcu.externaltools.gnu-tools-for-stm32.13.3.rel1.win32_1.0.0.202411081344/tools/bin/../lib/gcc/arm-none-eabi/13.3.1/../../../../arm-none-eabi/lib/thumb/v7e-m+fp/hard/crt0.o
LOAD ./Core/Src/BH1750.o
LOAD ./Core/Src/BME280.o
LOAD ./Core/Src/CCS811_Basic.o
LOAD ./Core/Src/fonts.o
LOAD ./Core/Src/freertos.o
LOAD ./Core/Src/main.o
LOAD ./Core/Src/ssd1306.o
LOAD ./Core/Src/stm32f4xx_hal_msp.o
LOAD ./Core/Src/stm32f4xx_hal_timebase_tim.o
LOAD ./Core/Src/stm32f4xx_it.o
LOAD ./Core/Src/syscalls.o
LOAD ./Core/Src/sysmem.o
LOAD ./Core/Src/system_stm32f4xx.o
LOAD ./Core/Startup/startup_stm32f411ceux.o
LOAD ./Drivers/STM32F4xx_HAL_Driver/Src/stm32f4xx_hal.o
LOAD ./Drivers/STM32F4xx_HAL_Driver/Src/stm32f4xx_hal_adc.o
LOAD ./Drivers/STM32F4xx_HAL_Driver/Src/stm32f4xx_hal_adc_ex.o
LOAD ./Drivers/STM32F4xx_HAL_Driver/Src/stm32f4xx_hal_cortex.o
LOAD ./Drivers/STM32F4xx_HAL_Driver/Src/stm32f4xx_hal_dma.o
LOAD ./Drivers/STM32F4xx_HAL_Driver/Src/stm32f4xx_hal_dma_ex.o
LOAD ./Drivers/STM32F4xx_HAL_Driver/Src/stm32f4xx_hal_exti.o
LOAD ./Drivers/STM32F4xx_HAL_Driver/Src/stm32f4xx_hal_flash.o
LOAD ./Drivers/STM32F4xx_HAL_Driver/Src/stm32f4xx_hal_flash_ex.o
LOAD ./Drivers/STM32F4xx_HAL_Driver/Src/stm32f4xx_hal_flash_ramfunc.o
LOAD ./Drivers/STM32F4xx_HAL_Driver/Src/stm32f4xx_hal_gpio.o
LOAD ./Drivers/STM32F4xx_HAL_Driver/Src/stm32f4xx_hal_i2c.o
LOAD ./Drivers/STM32F4xx_HAL_Driver/Src/stm32f4xx_hal_i2c_ex.o
LOAD ./Drivers/STM32F4xx_HAL_Driver/Src/stm32f4xx_hal_pwr.o
LOAD ./Drivers/STM32F4xx_HAL_Driver/Src/stm32f4xx_hal_pwr_ex.o
LOAD ./Drivers/STM32F4xx_HAL_Driver/Src/stm32f4xx_hal_rcc.o
LOAD ./Drivers/STM32F4xx_HAL_Driver/Src/stm32f4xx_hal_rcc_ex.o
LOAD ./Drivers/STM32F4xx_HAL_Driver/Src/stm32f4xx_hal_spi.o
LOAD ./Drivers/STM32F4xx_HAL_Driver/Src/stm32f4xx_hal_tim.o
LOAD ./Drivers/STM32F4xx_HAL_Driver/Src/stm32f4xx_hal_tim_ex.o
LOAD ./Drivers/STM32F4xx_HAL_Driver/Src/stm32f4xx_hal_uart.o
LOAD ./Drivers/STM32F4xx_HAL_Driver/Src/stm32f4xx_ll_adc.o
LOAD ./Middlewares/Third_Party/FreeRTOS/Source/CMSIS_RTOS_V2/cmsis_os2.o
LOAD ./Middlewares/Third_Party/FreeRTOS/Source/croutine.o
LOAD ./Middlewares/Third_Party/FreeRTOS/Source/event_groups.o
LOAD ./Middlewares/Third_Party/FreeRTOS/Source/list.o
LOAD ./Middlewares/Third_Party/FreeRTOS/Source/queue.o
LOAD ./Middlewares/Third_Party/FreeRTOS/Source/stream_buffer.o
LOAD ./Middlewares/Third_Party/FreeRTOS/Source/tasks.o
LOAD ./Middlewares/Third_Party/FreeRTOS/Source/timers.o
LOAD ./Middlewares/Third_Party/FreeRTOS/Source/portable/GCC/ARM_CM4F/port.o
LOAD ./Middlewares/Third_Party/FreeRTOS/Source/portable/MemMang/heap_4.o
START GROUP
LOAD C:/ST/STM32CubeIDE_1.19.0/STM32CubeIDE/plugins/com.st.stm32cube.ide.mcu.externaltools.gnu-tools-for-stm32.13.3.rel1.win32_1.0.0.202411081344/tools/bin/../lib/gcc/arm-none-eabi/13.3.1/../../../../arm-none-eabi/lib/thumb/v7e-m+fp/hard\libc_nano.a
LOAD C:/ST/STM32CubeIDE_1.19.0/STM32CubeIDE/plugins/com.st.stm32cube.ide.mcu.externaltools.gnu-tools-for-stm32.13.3.rel1.win32_1.0.0.202411081344/tools/bin/../lib/gcc/arm-none-eabi/13.3.1/../../../../arm-none-eabi/lib/thumb/v7e-m+fp/hard\libm.a
END GROUP
START GROUP
LOAD C:/ST/STM32CubeIDE_1.19.0/STM32CubeIDE/plugins/com.st.stm32cube.ide.mcu.externaltools.gnu-tools-for-stm32.13.3.rel1.win32_1.0.0.202411081344/tools/bin/../lib/gcc/arm-none-eabi/13.3.1/thumb/v7e-m+fp/hard\libgcc.a
LOAD C:/ST/STM32CubeIDE_1.19.0/STM32CubeIDE/plugins/com.st.stm32cube.ide.mcu.externaltools.gnu-tools-for-stm32.13.3.rel1.win32_1.0.0.202411081344/tools/bin/../lib/gcc/arm-none-eabi/13.3.1/../../../../arm-none-eabi/lib/thumb/v7e-m+fp/hard\libc_nano.a
END GROUP
START GROUP
LOAD C:/ST/STM32CubeIDE_1.19.0/STM32CubeIDE/plugins/com.st.stm32cube.ide.mcu.externaltools.gnu-tools-for-stm32.13.3.rel1.win32_1.0.0.202411081344/tools/bin/../lib/gcc/arm-none-eabi/13.3.1/thumb/v7e-m+fp/hard\libgcc.a
LOAD C:/ST/STM32CubeIDE_1.19.0/STM32CubeIDE/plugins/com.st.stm32cube.ide.mcu.externaltools.gnu-tools-for-stm32.13.3.rel1.win32_1.0.0.202411081344/tools/bin/../lib/gcc/arm-none-eabi/13.3.1/../../../../arm-none-eabi/lib/thumb/v7e-m+fp/hard\libc_nano.a
LOAD C:/ST/STM32CubeIDE_1.19.0/STM32CubeIDE/plugins/com.st.stm32cube.ide.mcu.externaltools.gnu-tools-for-stm32.13.3.rel1.win32_1.0.0.202411081344/tools/bin/../lib/gcc/arm-none-eabi/13.3.1/../../../../arm-none-eabi/lib/thumb/v7e-m+fp/hard\libnosys.a
END GROUP
START GROUP
LOAD C:/ST/STM32CubeIDE_1.19.0/STM32CubeIDE/plugins/com.st.stm32cube.ide.mcu.externaltools.gnu-tools-for-stm32.13.3.rel1.win32_1.0.0.202411081344/tools/bin/../lib/gcc/arm-none-eabi/13.3.1/thumb/v7e-m+fp/hard\libgcc.a
LOAD C:/ST/STM32CubeIDE_1.19.0/STM32CubeIDE/plugins/com.st.stm32cube.ide.mcu.externaltools.gnu-tools-for-stm32.13.3.rel1.win32_1.0.0.202411081344/tools/bin/../lib/gcc/arm-none-eabi/13.3.1/../../../../arm-none-eabi/lib/thumb/v7e-m+fp/hard\libc_nano.a
LOAD C:/ST/STM32CubeIDE_1.19.0/STM32CubeIDE/plugins/com.st.stm32cube.ide.mcu.externaltools.gnu-tools-for-stm32.13.3.rel1.win32_1.0.0.202411081344/tools/bin/../lib/gcc/arm-none-eabi/13.3.1/../../../../arm-none-eabi/lib/thumb/v7e-m+fp/hard\libnosys.a
END GROUP
LOAD C:/ST/STM32CubeIDE_1.19.0/STM32CubeIDE/plugins/com.st.stm32cube.ide.mcu.externaltools.gnu-tools-for-stm32.13.3.rel1.win32_1.0.0.202411081344/tools/bin/../lib/gcc/arm-none-eabi/13.3.1/thumb/v7e-m+fp/hard/crtend.o
LOAD C:/ST/STM32CubeIDE_1.19.0/STM32CubeIDE/plugins/com.st.stm32cube.ide.mcu.externaltools.gnu-tools-for-stm32.13.3.rel1.win32_1.0.0.202411081344/tools/bin/../lib/gcc/arm-none-eabi/13.3.1/thumb/v7e-m+fp/hard/crtn.o
                0x20020000                        _estack = (ORIGIN (RAM) + LENGTH (RAM))
                0x00000200                        _Min_Heap_Size = 0x200
                0x00000400                        _Min_Stack_Size = 0x400

.isr_vector     0x08000000      0x198
                0x08000000                        . = ALIGN (0x4)
 *(.isr_vector)
 .isr_vector    0x08000000      0x198 ./Core/Startup/startup_stm32f411ceux.o
                0x08000000                g_pfnVectors
                0x08000198                        . = ALIGN (0x4)

.text           0x080001a0     0xfd74
                0x080001a0                        . = ALIGN (0x4)
 *(.text)
 .text          0x080001a0       0x40 C:/ST/STM32CubeIDE_1.19.0/STM32CubeIDE/plugins/com.st.stm32cube.ide.mcu.externaltools.gnu-tools-for-stm32.13.3.rel1.win32_1.0.0.202411081344/tools/bin/../lib/gcc/arm-none-eabi/13.3.1/thumb/v7e-m+fp/hard/crtbegin.o
 .text          0x080001e0       0xa0 C:/ST/STM32CubeIDE_1.19.0/STM32CubeIDE/plugins/com.st.stm32cube.ide.mcu.externaltools.gnu-tools-for-stm32.13.3.rel1.win32_1.0.0.202411081344/tools/bin/../lib/gcc/arm-none-eabi/13.3.1/../../../../arm-none-eabi/lib/thumb/v7e-m+fp/hard\libc_nano.a(libc_a-memchr.o)
                0x080001e0                memchr
 .text          0x08000280       0x10 C:/ST/STM32CubeIDE_1.19.0/STM32CubeIDE/plugins/com.st.stm32cube.ide.mcu.externaltools.gnu-tools-for-stm32.13.3.rel1.win32_1.0.0.202411081344/tools/bin/../lib/gcc/arm-none-eabi/13.3.1/../../../../arm-none-eabi/lib/thumb/v7e-m+fp/hard\libc_nano.a(libc_a-strlen.o)
                0x08000280                strlen
 .text          0x08000290      0x378 C:/ST/STM32CubeIDE_1.19.0/STM32CubeIDE/plugins/com.st.stm32cube.ide.mcu.externaltools.gnu-tools-for-stm32.13.3.rel1.win32_1.0.0.202411081344/tools/bin/../lib/gcc/arm-none-eabi/13.3.1/thumb/v7e-m+fp/hard\libgcc.a(_arm_addsubdf3.o)
                0x08000290                __aeabi_drsub
                0x08000298                __aeabi_dsub
                0x08000298                __subdf3
                0x0800029c                __aeabi_dadd
                0x0800029c                __adddf3
                0x08000514                __floatunsidf
                0x08000514                __aeabi_ui2d
                0x08000534                __floatsidf
                0x08000534                __aeabi_i2d
                0x08000558                __aeabi_f2d
                0x08000558                __extendsfdf2
                0x0800059c                __floatundidf
                0x0800059c                __aeabi_ul2d
                0x080005ac                __floatdidf
                0x080005ac                __aeabi_l2d
 .text          0x08000608      0x424 C:/ST/STM32CubeIDE_1.19.0/STM32CubeIDE/plugins/com.st.stm32cube.ide.mcu.externaltools.gnu-tools-for-stm32.13.3.rel1.win32_1.0.0.202411081344/tools/bin/../lib/gcc/arm-none-eabi/13.3.1/thumb/v7e-m+fp/hard\libgcc.a(_arm_muldivdf3.o)
                0x08000608                __aeabi_dmul
                0x08000608                __muldf3
                0x0800085c                __divdf3
                0x0800085c                __aeabi_ddiv
 .text          0x08000a2c      0x110 C:/ST/STM32CubeIDE_1.19.0/STM32CubeIDE/plugins/com.st.stm32cube.ide.mcu.externaltools.gnu-tools-for-stm32.13.3.rel1.win32_1.0.0.202411081344/tools/bin/../lib/gcc/arm-none-eabi/13.3.1/thumb/v7e-m+fp/hard\libgcc.a(_arm_cmpdf2.o)
                0x08000a2c                __gtdf2
                0x08000a2c                __gedf2
                0x08000a34                __ltdf2
                0x08000a34                __ledf2
                0x08000a3c                __nedf2
                0x08000a3c                __eqdf2
                0x08000a3c                __cmpdf2
                0x08000ab8                __aeabi_cdrcmple
                0x08000ac8                __aeabi_cdcmpeq
                0x08000ac8                __aeabi_cdcmple
                0x08000ad8                __aeabi_dcmpeq
                0x08000aec                __aeabi_dcmplt
                0x08000b00                __aeabi_dcmple
                0x08000b14                __aeabi_dcmpge
                0x08000b28                __aeabi_dcmpgt
 .text          0x08000b3c       0x2c C:/ST/STM32CubeIDE_1.19.0/STM32CubeIDE/plugins/com.st.stm32cube.ide.mcu.externaltools.gnu-tools-for-stm32.13.3.rel1.win32_1.0.0.202411081344/tools/bin/../lib/gcc/arm-none-eabi/13.3.1/thumb/v7e-m+fp/hard\libgcc.a(_arm_unorddf2.o)
                0x08000b3c                __unorddf2
                0x08000b3c                __aeabi_dcmpun
 .text          0x08000b68       0x50 C:/ST/STM32CubeIDE_1.19.0/STM32CubeIDE/plugins/com.st.stm32cube.ide.mcu.externaltools.gnu-tools-for-stm32.13.3.rel1.win32_1.0.0.202411081344/tools/bin/../lib/gcc/arm-none-eabi/13.3.1/thumb/v7e-m+fp/hard\libgcc.a(_arm_fixdfsi.o)
                0x08000b68                __aeabi_d2iz
                0x08000b68                __fixdfsi
 .text          0x08000bb8       0xa0 C:/ST/STM32CubeIDE_1.19.0/STM32CubeIDE/plugins/com.st.stm32cube.ide.mcu.externaltools.gnu-tools-for-stm32.13.3.rel1.win32_1.0.0.202411081344/tools/bin/../lib/gcc/arm-none-eabi/13.3.1/thumb/v7e-m+fp/hard\libgcc.a(_aeabi_ldivmod.o)
                0x08000bb8                __aeabi_ldivmod
 .text          0x08000c58       0x30 C:/ST/STM32CubeIDE_1.19.0/STM32CubeIDE/plugins/com.st.stm32cube.ide.mcu.externaltools.gnu-tools-for-stm32.13.3.rel1.win32_1.0.0.202411081344/tools/bin/../lib/gcc/arm-none-eabi/13.3.1/thumb/v7e-m+fp/hard\libgcc.a(_aeabi_uldivmod.o)
                0x08000c58                __aeabi_uldivmod
 .text          0x08000c88      0x2f8 C:/ST/STM32CubeIDE_1.19.0/STM32CubeIDE/plugins/com.st.stm32cube.ide.mcu.externaltools.gnu-tools-for-stm32.13.3.rel1.win32_1.0.0.202411081344/tools/bin/../lib/gcc/arm-none-eabi/13.3.1/thumb/v7e-m+fp/hard\libgcc.a(_udivmoddi4.o)
                0x08000c88                __udivmoddi4
 .text          0x08000f80        0x4 C:/ST/STM32CubeIDE_1.19.0/STM32CubeIDE/plugins/com.st.stm32cube.ide.mcu.externaltools.gnu-tools-for-stm32.13.3.rel1.win32_1.0.0.202411081344/tools/bin/../lib/gcc/arm-none-eabi/13.3.1/thumb/v7e-m+fp/hard\libgcc.a(_dvmd_tls.o)
                0x08000f80                __aeabi_idiv0
                0x08000f80                __aeabi_ldiv0
 *(.text*)
 .text.BH1750_Init
                0x08000f84       0x78 ./Core/Src/BH1750.o
                0x08000f84                BH1750_Init
 .text.BH1750_Reset
                0x08000ffc       0x44 ./Core/Src/BH1750.o
                0x08000ffc                BH1750_Reset
 .text.BH1750_PowerOn
                0x08001040       0x44 ./Core/Src/BH1750.o
                0x08001040                BH1750_PowerOn
 .text.BH1750_SetMode
                0x08001084       0x54 ./Core/Src/BH1750.o
                0x08001084                BH1750_SetMode
 .text.BH1750_ReadLight
                0x080010d8      0x148 ./Core/Src/BH1750.o
                0x080010d8                BH1750_ReadLight
 .text.BH1750_IsConnected
                0x08001220       0x3c ./Core/Src/BH1750.o
                0x08001220                BH1750_IsConnected
 .text.BH1750_ReadAll
                0x0800125c       0x68 ./Core/Src/BH1750.o
                0x0800125c                BH1750_ReadAll
 .text.BME280_Init
                0x080012c4       0xdc ./Core/Src/BME280.o
                0x080012c4                BME280_Init
 .text.BME280_IsConnected
                0x080013a0       0x3a ./Core/Src/BME280.o
                0x080013a0                BME280_IsConnected
 *fill*         0x080013da        0x2 
 .text.BME280_ReadAll
                0x080013dc      0x16c ./Core/Src/BME280.o
                0x080013dc                BME280_ReadAll
 .text.BME280_ReadCalibrationData
                0x08001548      0x1d0 ./Core/Src/BME280.o
 .text.BME280_CompensateTemperature
                0x08001718       0x7c ./Core/Src/BME280.o
 .text.BME280_CompensatePressure
                0x08001794      0x570 ./Core/Src/BME280.o
 .text.BME280_CompensateHumidity
                0x08001d04       0xc4 ./Core/Src/BME280.o
 .text.BME280_SPI_WriteRegister
                0x08001dc8       0x68 ./Core/Src/BME280.o
                0x08001dc8                BME280_SPI_WriteRegister
 .text.BME280_SPI_ReadRegister
                0x08001e30       0xb4 ./Core/Src/BME280.o
                0x08001e30                BME280_SPI_ReadRegister
 .text.CCS811_Init
                0x08001ee4       0xf8 ./Core/Src/CCS811_Basic.o
                0x08001ee4                CCS811_Init
 .text.CCS811_IsConnected
                0x08001fdc       0x44 ./Core/Src/CCS811_Basic.o
                0x08001fdc                CCS811_IsConnected
 .text.CCS811_StartApp
                0x08002020       0x10 ./Core/Src/CCS811_Basic.o
                0x08002020                CCS811_StartApp
 .text.CCS811_SetDriveMode
                0x08002030       0x34 ./Core/Src/CCS811_Basic.o
                0x08002030                CCS811_SetDriveMode
 .text.CCS811_SetEnvironmentalData
                0x08002064       0xc8 ./Core/Src/CCS811_Basic.o
                0x08002064                CCS811_SetEnvironmentalData
 .text.CCS811_CheckDataReady
                0x0800212c       0x36 ./Core/Src/CCS811_Basic.o
                0x0800212c                CCS811_CheckDataReady
 *fill*         0x08002162        0x2 
 .text.CCS811_ReadData
                0x08002164       0xe4 ./Core/Src/CCS811_Basic.o
                0x08002164                CCS811_ReadData
 .text.CCS811_WriteCommand
                0x08002248       0x34 ./Core/Src/CCS811_Basic.o
 .text.CCS811_WriteRegister
                0x0800227c       0x44 ./Core/Src/CCS811_Basic.o
 .text.CCS811_ReadRegister
                0x080022c0       0x40 ./Core/Src/CCS811_Basic.o
 .text.CCS811_ReadRegisters
                0x08002300       0x48 ./Core/Src/CCS811_Basic.o
 .text.vApplicationMallocFailedHook
                0x08002348        0xe ./Core/Src/freertos.o
                0x08002348                vApplicationMallocFailedHook
 *fill*         0x08002356        0x2 
 .text.main     0x08002358      0x20c ./Core/Src/main.o
                0x08002358                main
 .text.SystemClock_Config
                0x08002564       0xd0 ./Core/Src/main.o
                0x08002564                SystemClock_Config
 .text.MX_ADC1_Init
                0x08002634       0xa4 ./Core/Src/main.o
 .text.MX_I2C2_Init
                0x080026d8       0x5c ./Core/Src/main.o
 .text.MX_I2C3_Init
                0x08002734       0x5c ./Core/Src/main.o
 .text.MX_SPI3_Init
                0x08002790       0x6c ./Core/Src/main.o
 .text.MX_TIM2_Init
                0x080027fc       0x98 ./Core/Src/main.o
 .text.MX_USART2_UART_Init
                0x08002894       0x54 ./Core/Src/main.o
 .text.MX_GPIO_Init
                0x080028e8      0x15c ./Core/Src/main.o
 .text.InitializeSensors
                0x08002a44       0xbc ./Core/Src/main.o
                0x08002a44                InitializeSensors
 .text.ReadAllSensorData
                0x08002b00      0x168 ./Core/Src/main.o
                0x08002b00                ReadAllSensorData
 .text.FormatSensorData
                0x08002c68      0x2ac ./Core/Src/main.o
                0x08002c68                FormatSensorData
 .text.InitializeSoilSensor
                0x08002f14       0x18 ./Core/Src/main.o
                0x08002f14                InitializeSoilSensor
 .text.ReadSoilMoistureSensor
                0x08002f2c       0x74 ./Core/Src/main.o
                0x08002f2c                ReadSoilMoistureSensor
 .text.ConvertSoilMoistureToPercentage
                0x08002fa0       0x78 ./Core/Src/main.o
                0x08002fa0                ConvertSoilMoistureToPercentage
 .text.IsSoilMoistureLow
                0x08003018       0x2e ./Core/Src/main.o
                0x08003018                IsSoilMoistureLow
 *fill*         0x08003046        0x2 
 .text.CheckIrrigationNeeds
                0x08003048      0x124 ./Core/Src/main.o
                0x08003048                CheckIrrigationNeeds
 .text.DisplaySensorDataOnOled
                0x0800316c      0x55c ./Core/Src/main.o
                0x0800316c                DisplaySensorDataOnOled
 .text.UpdateSystemStatus
                0x080036c8       0x68 ./Core/Src/main.o
                0x080036c8                UpdateSystemStatus
 .text.LED_On   0x08003730       0x18 ./Core/Src/main.o
                0x08003730                LED_On
 .text.LED_Off  0x08003748       0x18 ./Core/Src/main.o
                0x08003748                LED_Off
 .text.LED_Toggle
                0x08003760       0x18 ./Core/Src/main.o
                0x08003760                LED_Toggle
 .text.LED_SetSensorStatus
                0x08003778       0x70 ./Core/Src/main.o
                0x08003778                LED_SetSensorStatus
 .text.Button_Init
                0x080037e8        0xe ./Core/Src/main.o
                0x080037e8                Button_Init
 *fill*         0x080037f6        0x2 
 .text.Button_IsPressed
                0x080037f8       0x8c ./Core/Src/main.o
                0x080037f8                Button_IsPressed
 .text.Button_HandlePageSwitch
                0x08003884       0xa0 ./Core/Src/main.o
                0x08003884                Button_HandlePageSwitch
 .text.SensorReadingTask
                0x08003924      0x238 ./Core/Src/main.o
                0x08003924                SensorReadingTask
 .text.UartCommunicationTask
                0x08003b5c      0x124 ./Core/Src/main.o
                0x08003b5c                UartCommunicationTask
 .text.LedStatusTask
                0x08003c80       0x94 ./Core/Src/main.o
                0x08003c80                LedStatusTask
 .text.SystemMonitorTask
                0x08003d14       0xd0 ./Core/Src/main.o
                0x08003d14                SystemMonitorTask
 .text.OledDisplayTask
                0x08003de4       0x38 ./Core/Src/main.o
                0x08003de4                OledDisplayTask
 .text.StartDefaultTask
                0x08003e1c       0x10 ./Core/Src/main.o
                0x08003e1c                StartDefaultTask
 .text.HAL_TIM_PeriodElapsedCallback
                0x08003e2c       0x24 ./Core/Src/main.o
                0x08003e2c                HAL_TIM_PeriodElapsedCallback
 .text.Error_Handler
                0x08003e50        0xc ./Core/Src/main.o
                0x08003e50                Error_Handler
 .text.SSD1306_Init
                0x08003e5c      0x188 ./Core/Src/ssd1306.o
                0x08003e5c                SSD1306_Init
 .text.SSD1306_UpdateScreen
                0x08003fe4       0x5c ./Core/Src/ssd1306.o
                0x08003fe4                SSD1306_UpdateScreen
 .text.SSD1306_Fill
                0x08004040       0x30 ./Core/Src/ssd1306.o
                0x08004040                SSD1306_Fill
 .text.SSD1306_DrawPixel
                0x08004070       0xc0 ./Core/Src/ssd1306.o
                0x08004070                SSD1306_DrawPixel
 .text.SSD1306_GotoXY
                0x08004130       0x2c ./Core/Src/ssd1306.o
                0x08004130                SSD1306_GotoXY
 .text.SSD1306_Putc
                0x0800415c       0xfc ./Core/Src/ssd1306.o
                0x0800415c                SSD1306_Putc
 .text.SSD1306_Puts
                0x08004258       0x4a ./Core/Src/ssd1306.o
                0x08004258                SSD1306_Puts
 *fill*         0x080042a2        0x2 
 .text.ssd1306_I2C_Init
                0x080042a4       0x2c ./Core/Src/ssd1306.o
                0x080042a4                ssd1306_I2C_Init
 .text.ssd1306_I2C_WriteMulti
                0x080042d0       0xcc ./Core/Src/ssd1306.o
                0x080042d0                ssd1306_I2C_WriteMulti
 .text.ssd1306_I2C_Write
                0x0800439c       0x3c ./Core/Src/ssd1306.o
                0x0800439c                ssd1306_I2C_Write
 .text.HAL_MspInit
                0x080043d8       0x58 ./Core/Src/stm32f4xx_hal_msp.o
                0x080043d8                HAL_MspInit
 .text.HAL_ADC_MspInit
                0x08004430       0x88 ./Core/Src/stm32f4xx_hal_msp.o
                0x08004430                HAL_ADC_MspInit
 .text.HAL_I2C_MspInit
                0x080044b8      0x15c ./Core/Src/stm32f4xx_hal_msp.o
                0x080044b8                HAL_I2C_MspInit
 .text.HAL_SPI_MspInit
                0x08004614       0xb0 ./Core/Src/stm32f4xx_hal_msp.o
                0x08004614                HAL_SPI_MspInit
 .text.HAL_TIM_Base_MspInit
                0x080046c4       0x40 ./Core/Src/stm32f4xx_hal_msp.o
                0x080046c4                HAL_TIM_Base_MspInit
 .text.HAL_UART_MspInit
                0x08004704       0x90 ./Core/Src/stm32f4xx_hal_msp.o
                0x08004704                HAL_UART_MspInit
 .text.HAL_InitTick
                0x08004794       0xe4 ./Core/Src/stm32f4xx_hal_timebase_tim.o
                0x08004794                HAL_InitTick
 .text.NMI_Handler
                0x08004878        0x8 ./Core/Src/stm32f4xx_it.o
                0x08004878                NMI_Handler
 .text.HardFault_Handler
                0x08004880        0x8 ./Core/Src/stm32f4xx_it.o
                0x08004880                HardFault_Handler
 .text.MemManage_Handler
                0x08004888        0x8 ./Core/Src/stm32f4xx_it.o
                0x08004888                MemManage_Handler
 .text.BusFault_Handler
                0x08004890        0x8 ./Core/Src/stm32f4xx_it.o
                0x08004890                BusFault_Handler
 .text.UsageFault_Handler
                0x08004898        0x8 ./Core/Src/stm32f4xx_it.o
                0x08004898                UsageFault_Handler
 .text.DebugMon_Handler
                0x080048a0        0xe ./Core/Src/stm32f4xx_it.o
                0x080048a0                DebugMon_Handler
 *fill*         0x080048ae        0x2 
 .text.TIM1_UP_TIM10_IRQHandler
                0x080048b0       0x14 ./Core/Src/stm32f4xx_it.o
                0x080048b0                TIM1_UP_TIM10_IRQHandler
 .text._getpid  0x080048c4       0x10 ./Core/Src/syscalls.o
                0x080048c4                _getpid
 .text._kill    0x080048d4       0x20 ./Core/Src/syscalls.o
                0x080048d4                _kill
 .text._exit    0x080048f4       0x16 ./Core/Src/syscalls.o
                0x080048f4                _exit
 .text._read    0x0800490a       0x3a ./Core/Src/syscalls.o
                0x0800490a                _read
 .text._write   0x08004944       0x38 ./Core/Src/syscalls.o
                0x08004944                _write
 .text._close   0x0800497c       0x18 ./Core/Src/syscalls.o
                0x0800497c                _close
 .text._fstat   0x08004994       0x20 ./Core/Src/syscalls.o
                0x08004994                _fstat
 .text._isatty  0x080049b4       0x16 ./Core/Src/syscalls.o
                0x080049b4                _isatty
 .text._lseek   0x080049ca       0x1a ./Core/Src/syscalls.o
                0x080049ca                _lseek
 .text._sbrk    0x080049e4       0x6c ./Core/Src/sysmem.o
                0x080049e4                _sbrk
 .text.SystemInit
                0x08004a50       0x24 ./Core/Src/system_stm32f4xx.o
                0x08004a50                SystemInit
 .text.Reset_Handler
                0x08004a74       0x50 ./Core/Startup/startup_stm32f411ceux.o
                0x08004a74                Reset_Handler
 .text.Default_Handler
                0x08004ac4        0x2 ./Core/Startup/startup_stm32f411ceux.o
                0x08004ac4                RTC_Alarm_IRQHandler
                0x08004ac4                EXTI2_IRQHandler
                0x08004ac4                SPI4_IRQHandler
                0x08004ac4                TIM1_CC_IRQHandler
                0x08004ac4                DMA2_Stream5_IRQHandler
                0x08004ac4                DMA1_Stream5_IRQHandler
                0x08004ac4                PVD_IRQHandler
                0x08004ac4                SDIO_IRQHandler
                0x08004ac4                TAMP_STAMP_IRQHandler
                0x08004ac4                EXTI3_IRQHandler
                0x08004ac4                I2C3_ER_IRQHandler
                0x08004ac4                EXTI0_IRQHandler
                0x08004ac4                I2C2_EV_IRQHandler
                0x08004ac4                DMA1_Stream2_IRQHandler
                0x08004ac4                FPU_IRQHandler
                0x08004ac4                DMA2_Stream2_IRQHandler
                0x08004ac4                SPI1_IRQHandler
                0x08004ac4                TIM1_BRK_TIM9_IRQHandler
                0x08004ac4                DMA2_Stream3_IRQHandler
                0x08004ac4                USART6_IRQHandler
                0x08004ac4                DMA2_Stream0_IRQHandler
                0x08004ac4                TIM4_IRQHandler
                0x08004ac4                I2C1_EV_IRQHandler
                0x08004ac4                DMA1_Stream6_IRQHandler
                0x08004ac4                DMA1_Stream1_IRQHandler
                0x08004ac4                TIM3_IRQHandler
                0x08004ac4                RCC_IRQHandler
                0x08004ac4                Default_Handler
                0x08004ac4                EXTI15_10_IRQHandler
                0x08004ac4                ADC_IRQHandler
                0x08004ac4                DMA1_Stream7_IRQHandler
                0x08004ac4                SPI5_IRQHandler
                0x08004ac4                TIM5_IRQHandler
                0x08004ac4                DMA2_Stream7_IRQHandler
                0x08004ac4                I2C3_EV_IRQHandler
                0x08004ac4                EXTI9_5_IRQHandler
                0x08004ac4                RTC_WKUP_IRQHandler
                0x08004ac4                SPI2_IRQHandler
                0x08004ac4                DMA1_Stream0_IRQHandler
                0x08004ac4                EXTI4_IRQHandler
                0x08004ac4                WWDG_IRQHandler
                0x08004ac4                TIM2_IRQHandler
                0x08004ac4                OTG_FS_WKUP_IRQHandler
                0x08004ac4                TIM1_TRG_COM_TIM11_IRQHandler
                0x08004ac4                EXTI1_IRQHandler
                0x08004ac4                USART2_IRQHandler
                0x08004ac4                I2C2_ER_IRQHandler
                0x08004ac4                DMA2_Stream1_IRQHandler
                0x08004ac4                FLASH_IRQHandler
                0x08004ac4                DMA2_Stream4_IRQHandler
                0x08004ac4                USART1_IRQHandler
                0x08004ac4                OTG_FS_IRQHandler
                0x08004ac4                SPI3_IRQHandler
                0x08004ac4                DMA1_Stream4_IRQHandler
                0x08004ac4                I2C1_ER_IRQHandler
                0x08004ac4                DMA2_Stream6_IRQHandler
                0x08004ac4                DMA1_Stream3_IRQHandler
 *fill*         0x08004ac6        0x2 
 .text.HAL_Init
                0x08004ac8       0x44 ./Drivers/STM32F4xx_HAL_Driver/Src/stm32f4xx_hal.o
                0x08004ac8                HAL_Init
 .text.HAL_IncTick
                0x08004b0c       0x28 ./Drivers/STM32F4xx_HAL_Driver/Src/stm32f4xx_hal.o
                0x08004b0c                HAL_IncTick
 .text.HAL_GetTick
                0x08004b34       0x18 ./Drivers/STM32F4xx_HAL_Driver/Src/stm32f4xx_hal.o
                0x08004b34                HAL_GetTick
 .text.HAL_Delay
                0x08004b4c       0x48 ./Drivers/STM32F4xx_HAL_Driver/Src/stm32f4xx_hal.o
                0x08004b4c                HAL_Delay
 .text.HAL_ADC_Init
                0x08004b94       0x86 ./Drivers/STM32F4xx_HAL_Driver/Src/stm32f4xx_hal_adc.o
                0x08004b94                HAL_ADC_Init
 *fill*         0x08004c1a        0x2 
 .text.HAL_ADC_Start
                0x08004c1c      0x168 ./Drivers/STM32F4xx_HAL_Driver/Src/stm32f4xx_hal_adc.o
                0x08004c1c                HAL_ADC_Start
 .text.HAL_ADC_Stop
                0x08004d84       0x66 ./Drivers/STM32F4xx_HAL_Driver/Src/stm32f4xx_hal_adc.o
                0x08004d84                HAL_ADC_Stop
 .text.HAL_ADC_PollForConversion
                0x08004dea      0x116 ./Drivers/STM32F4xx_HAL_Driver/Src/stm32f4xx_hal_adc.o
                0x08004dea                HAL_ADC_PollForConversion
 .text.HAL_ADC_GetValue
                0x08004f00       0x1a ./Drivers/STM32F4xx_HAL_Driver/Src/stm32f4xx_hal_adc.o
                0x08004f00                HAL_ADC_GetValue
 *fill*         0x08004f1a        0x2 
 .text.HAL_ADC_ConfigChannel
                0x08004f1c      0x264 ./Drivers/STM32F4xx_HAL_Driver/Src/stm32f4xx_hal_adc.o
                0x08004f1c                HAL_ADC_ConfigChannel
 .text.ADC_Init
                0x08005180      0x1f8 ./Drivers/STM32F4xx_HAL_Driver/Src/stm32f4xx_hal_adc.o
 .text.__NVIC_SetPriorityGrouping
                0x08005378       0x48 ./Drivers/STM32F4xx_HAL_Driver/Src/stm32f4xx_hal_cortex.o
 .text.__NVIC_GetPriorityGrouping
                0x080053c0       0x1c ./Drivers/STM32F4xx_HAL_Driver/Src/stm32f4xx_hal_cortex.o
 .text.__NVIC_EnableIRQ
                0x080053dc       0x3c ./Drivers/STM32F4xx_HAL_Driver/Src/stm32f4xx_hal_cortex.o
 .text.__NVIC_SetPriority
                0x08005418       0x54 ./Drivers/STM32F4xx_HAL_Driver/Src/stm32f4xx_hal_cortex.o
 .text.NVIC_EncodePriority
                0x0800546c       0x66 ./Drivers/STM32F4xx_HAL_Driver/Src/stm32f4xx_hal_cortex.o
 .text.HAL_NVIC_SetPriorityGrouping
                0x080054d2       0x16 ./Drivers/STM32F4xx_HAL_Driver/Src/stm32f4xx_hal_cortex.o
                0x080054d2                HAL_NVIC_SetPriorityGrouping
 .text.HAL_NVIC_SetPriority
                0x080054e8       0x38 ./Drivers/STM32F4xx_HAL_Driver/Src/stm32f4xx_hal_cortex.o
                0x080054e8                HAL_NVIC_SetPriority
 .text.HAL_NVIC_EnableIRQ
                0x08005520       0x1c ./Drivers/STM32F4xx_HAL_Driver/Src/stm32f4xx_hal_cortex.o
                0x08005520                HAL_NVIC_EnableIRQ
 .text.HAL_GPIO_Init
                0x0800553c      0x308 ./Drivers/STM32F4xx_HAL_Driver/Src/stm32f4xx_hal_gpio.o
                0x0800553c                HAL_GPIO_Init
 .text.HAL_GPIO_ReadPin
                0x08005844       0x30 ./Drivers/STM32F4xx_HAL_Driver/Src/stm32f4xx_hal_gpio.o
                0x08005844                HAL_GPIO_ReadPin
 .text.HAL_GPIO_WritePin
                0x08005874       0x32 ./Drivers/STM32F4xx_HAL_Driver/Src/stm32f4xx_hal_gpio.o
                0x08005874                HAL_GPIO_WritePin
 .text.HAL_GPIO_TogglePin
                0x080058a6       0x34 ./Drivers/STM32F4xx_HAL_Driver/Src/stm32f4xx_hal_gpio.o
                0x080058a6                HAL_GPIO_TogglePin
 *fill*         0x080058da        0x2 
 .text.HAL_I2C_Init
                0x080058dc      0x288 ./Drivers/STM32F4xx_HAL_Driver/Src/stm32f4xx_hal_i2c.o
                0x080058dc                HAL_I2C_Init
 .text.HAL_I2C_Master_Transmit
                0x08005b64      0x1fc ./Drivers/STM32F4xx_HAL_Driver/Src/stm32f4xx_hal_i2c.o
                0x08005b64                HAL_I2C_Master_Transmit
 .text.HAL_I2C_Master_Receive
                0x08005d60      0x464 ./Drivers/STM32F4xx_HAL_Driver/Src/stm32f4xx_hal_i2c.o
                0x08005d60                HAL_I2C_Master_Receive
 .text.HAL_I2C_Mem_Write
                0x080061c4      0x1f4 ./Drivers/STM32F4xx_HAL_Driver/Src/stm32f4xx_hal_i2c.o
                0x080061c4                HAL_I2C_Mem_Write
 .text.HAL_I2C_Mem_Read
                0x080063b8      0x464 ./Drivers/STM32F4xx_HAL_Driver/Src/stm32f4xx_hal_i2c.o
                0x080063b8                HAL_I2C_Mem_Read
 .text.HAL_I2C_IsDeviceReady
                0x0800681c      0x25c ./Drivers/STM32F4xx_HAL_Driver/Src/stm32f4xx_hal_i2c.o
                0x0800681c                HAL_I2C_IsDeviceReady
 .text.I2C_MasterRequestWrite
                0x08006a78      0x104 ./Drivers/STM32F4xx_HAL_Driver/Src/stm32f4xx_hal_i2c.o
 .text.I2C_MasterRequestRead
                0x08006b7c      0x19c ./Drivers/STM32F4xx_HAL_Driver/Src/stm32f4xx_hal_i2c.o
 .text.I2C_RequestMemoryWrite
                0x08006d18      0x12c ./Drivers/STM32F4xx_HAL_Driver/Src/stm32f4xx_hal_i2c.o
 .text.I2C_RequestMemoryRead
                0x08006e44      0x1d0 ./Drivers/STM32F4xx_HAL_Driver/Src/stm32f4xx_hal_i2c.o
 .text.I2C_WaitOnFlagUntilTimeout
                0x08007014       0xf4 ./Drivers/STM32F4xx_HAL_Driver/Src/stm32f4xx_hal_i2c.o
 .text.I2C_WaitOnMasterAddressFlagUntilTimeout
                0x08007108      0x140 ./Drivers/STM32F4xx_HAL_Driver/Src/stm32f4xx_hal_i2c.o
 .text.I2C_WaitOnTXEFlagUntilTimeout
                0x08007248       0x90 ./Drivers/STM32F4xx_HAL_Driver/Src/stm32f4xx_hal_i2c.o
 .text.I2C_WaitOnBTFFlagUntilTimeout
                0x080072d8       0x90 ./Drivers/STM32F4xx_HAL_Driver/Src/stm32f4xx_hal_i2c.o
 .text.I2C_WaitOnRXNEFlagUntilTimeout
                0x08007368       0xba ./Drivers/STM32F4xx_HAL_Driver/Src/stm32f4xx_hal_i2c.o
 .text.I2C_IsAcknowledgeFailed
                0x08007422       0x5e ./Drivers/STM32F4xx_HAL_Driver/Src/stm32f4xx_hal_i2c.o
 .text.HAL_RCC_OscConfig
                0x08007480      0x4f0 ./Drivers/STM32F4xx_HAL_Driver/Src/stm32f4xx_hal_rcc.o
                0x08007480                HAL_RCC_OscConfig
 .text.HAL_RCC_ClockConfig
                0x08007970      0x1cc ./Drivers/STM32F4xx_HAL_Driver/Src/stm32f4xx_hal_rcc.o
                0x08007970                HAL_RCC_ClockConfig
 .text.HAL_RCC_GetSysClockFreq
                0x08007b3c      0x18c ./Drivers/STM32F4xx_HAL_Driver/Src/stm32f4xx_hal_rcc.o
                0x08007b3c                HAL_RCC_GetSysClockFreq
 .text.HAL_RCC_GetHCLKFreq
                0x08007cc8       0x18 ./Drivers/STM32F4xx_HAL_Driver/Src/stm32f4xx_hal_rcc.o
                0x08007cc8                HAL_RCC_GetHCLKFreq
 .text.HAL_RCC_GetPCLK1Freq
                0x08007ce0       0x28 ./Drivers/STM32F4xx_HAL_Driver/Src/stm32f4xx_hal_rcc.o
                0x08007ce0                HAL_RCC_GetPCLK1Freq
 .text.HAL_RCC_GetPCLK2Freq
                0x08007d08       0x28 ./Drivers/STM32F4xx_HAL_Driver/Src/stm32f4xx_hal_rcc.o
                0x08007d08                HAL_RCC_GetPCLK2Freq
 .text.HAL_RCC_GetClockConfig
                0x08007d30       0x64 ./Drivers/STM32F4xx_HAL_Driver/Src/stm32f4xx_hal_rcc.o
                0x08007d30                HAL_RCC_GetClockConfig
 .text.HAL_SPI_Init
                0x08007d94      0x112 ./Drivers/STM32F4xx_HAL_Driver/Src/stm32f4xx_hal_spi.o
                0x08007d94                HAL_SPI_Init
 .text.HAL_SPI_Transmit
                0x08007ea6      0x288 ./Drivers/STM32F4xx_HAL_Driver/Src/stm32f4xx_hal_spi.o
                0x08007ea6                HAL_SPI_Transmit
 .text.HAL_SPI_Receive
                0x0800812e      0x232 ./Drivers/STM32F4xx_HAL_Driver/Src/stm32f4xx_hal_spi.o
                0x0800812e                HAL_SPI_Receive
 .text.HAL_SPI_TransmitReceive
                0x08008360      0x352 ./Drivers/STM32F4xx_HAL_Driver/Src/stm32f4xx_hal_spi.o
                0x08008360                HAL_SPI_TransmitReceive
 *fill*         0x080086b2        0x2 
 .text.SPI_WaitFlagStateUntilTimeout
                0x080086b4      0x110 ./Drivers/STM32F4xx_HAL_Driver/Src/stm32f4xx_hal_spi.o
 .text.SPI_EndRxTransaction
                0x080087c4       0xca ./Drivers/STM32F4xx_HAL_Driver/Src/stm32f4xx_hal_spi.o
 *fill*         0x0800888e        0x2 
 .text.SPI_EndRxTxTransaction
                0x08008890       0xa8 ./Drivers/STM32F4xx_HAL_Driver/Src/stm32f4xx_hal_spi.o
 .text.HAL_TIM_Base_Init
                0x08008938       0x9e ./Drivers/STM32F4xx_HAL_Driver/Src/stm32f4xx_hal_tim.o
                0x08008938                HAL_TIM_Base_Init
 *fill*         0x080089d6        0x2 
 .text.HAL_TIM_Base_Start_IT
                0x080089d8       0xc4 ./Drivers/STM32F4xx_HAL_Driver/Src/stm32f4xx_hal_tim.o
                0x080089d8                HAL_TIM_Base_Start_IT
 .text.HAL_TIM_IRQHandler
                0x08008a9c      0x1e0 ./Drivers/STM32F4xx_HAL_Driver/Src/stm32f4xx_hal_tim.o
                0x08008a9c                HAL_TIM_IRQHandler
 .text.HAL_TIM_ConfigClockSource
                0x08008c7c      0x18e ./Drivers/STM32F4xx_HAL_Driver/Src/stm32f4xx_hal_tim.o
                0x08008c7c                HAL_TIM_ConfigClockSource
 .text.HAL_TIM_OC_DelayElapsedCallback
                0x08008e0a       0x14 ./Drivers/STM32F4xx_HAL_Driver/Src/stm32f4xx_hal_tim.o
                0x08008e0a                HAL_TIM_OC_DelayElapsedCallback
 .text.HAL_TIM_IC_CaptureCallback
                0x08008e1e       0x14 ./Drivers/STM32F4xx_HAL_Driver/Src/stm32f4xx_hal_tim.o
                0x08008e1e                HAL_TIM_IC_CaptureCallback
 .text.HAL_TIM_PWM_PulseFinishedCallback
                0x08008e32       0x14 ./Drivers/STM32F4xx_HAL_Driver/Src/stm32f4xx_hal_tim.o
                0x08008e32                HAL_TIM_PWM_PulseFinishedCallback
 .text.HAL_TIM_TriggerCallback
                0x08008e46       0x14 ./Drivers/STM32F4xx_HAL_Driver/Src/stm32f4xx_hal_tim.o
                0x08008e46                HAL_TIM_TriggerCallback
 *fill*         0x08008e5a        0x2 
 .text.TIM_Base_SetConfig
                0x08008e5c      0x10c ./Drivers/STM32F4xx_HAL_Driver/Src/stm32f4xx_hal_tim.o
                0x08008e5c                TIM_Base_SetConfig
 .text.TIM_TI1_ConfigInputStage
                0x08008f68       0x5e ./Drivers/STM32F4xx_HAL_Driver/Src/stm32f4xx_hal_tim.o
 .text.TIM_TI2_ConfigInputStage
                0x08008fc6       0x60 ./Drivers/STM32F4xx_HAL_Driver/Src/stm32f4xx_hal_tim.o
 .text.TIM_ITRx_SetConfig
                0x08009026       0x36 ./Drivers/STM32F4xx_HAL_Driver/Src/stm32f4xx_hal_tim.o
 .text.TIM_ETR_SetConfig
                0x0800905c       0x40 ./Drivers/STM32F4xx_HAL_Driver/Src/stm32f4xx_hal_tim.o
                0x0800905c                TIM_ETR_SetConfig
 .text.HAL_TIMEx_MasterConfigSynchronization
                0x0800909c       0xdc ./Drivers/STM32F4xx_HAL_Driver/Src/stm32f4xx_hal_tim_ex.o
                0x0800909c                HAL_TIMEx_MasterConfigSynchronization
 .text.HAL_TIMEx_CommutCallback
                0x08009178       0x14 ./Drivers/STM32F4xx_HAL_Driver/Src/stm32f4xx_hal_tim_ex.o
                0x08009178                HAL_TIMEx_CommutCallback
 .text.HAL_TIMEx_BreakCallback
                0x0800918c       0x14 ./Drivers/STM32F4xx_HAL_Driver/Src/stm32f4xx_hal_tim_ex.o
                0x0800918c                HAL_TIMEx_BreakCallback
 .text.HAL_UART_Init
                0x080091a0       0xa0 ./Drivers/STM32F4xx_HAL_Driver/Src/stm32f4xx_hal_uart.o
                0x080091a0                HAL_UART_Init
 .text.HAL_UART_Transmit
                0x08009240      0x116 ./Drivers/STM32F4xx_HAL_Driver/Src/stm32f4xx_hal_uart.o
                0x08009240                HAL_UART_Transmit
 .text.UART_WaitOnFlagUntilTimeout
                0x08009356       0xb2 ./Drivers/STM32F4xx_HAL_Driver/Src/stm32f4xx_hal_uart.o
 .text.UART_EndRxTransfer
                0x08009408       0xc6 ./Drivers/STM32F4xx_HAL_Driver/Src/stm32f4xx_hal_uart.o
 *fill*         0x080094ce        0x2 
 .text.UART_SetConfig
                0x080094d0      0x4e8 ./Drivers/STM32F4xx_HAL_Driver/Src/stm32f4xx_hal_uart.o
 .text.__NVIC_SetPriority
                0x080099b8       0x54 ./Middlewares/Third_Party/FreeRTOS/Source/CMSIS_RTOS_V2/cmsis_os2.o
 .text.SysTick_Handler
                0x08009a0c       0x20 ./Middlewares/Third_Party/FreeRTOS/Source/CMSIS_RTOS_V2/cmsis_os2.o
                0x08009a0c                SysTick_Handler
 .text.SVC_Setup
                0x08009a2c       0x12 ./Middlewares/Third_Party/FreeRTOS/Source/CMSIS_RTOS_V2/cmsis_os2.o
 *fill*         0x08009a3e        0x2 
 .text.osKernelInitialize
                0x08009a40       0x48 ./Middlewares/Third_Party/FreeRTOS/Source/CMSIS_RTOS_V2/cmsis_os2.o
                0x08009a40                osKernelInitialize
 .text.osKernelStart
                0x08009a88       0x4c ./Middlewares/Third_Party/FreeRTOS/Source/CMSIS_RTOS_V2/cmsis_os2.o
                0x08009a88                osKernelStart
 .text.osThreadNew
                0x08009ad4      0x124 ./Middlewares/Third_Party/FreeRTOS/Source/CMSIS_RTOS_V2/cmsis_os2.o
                0x08009ad4                osThreadNew
 .text.osDelay  0x08009bf8       0x36 ./Middlewares/Third_Party/FreeRTOS/Source/CMSIS_RTOS_V2/cmsis_os2.o
                0x08009bf8                osDelay
 .text.osMutexNew
                0x08009c2e      0x10c ./Middlewares/Third_Party/FreeRTOS/Source/CMSIS_RTOS_V2/cmsis_os2.o
                0x08009c2e                osMutexNew
 .text.osMutexAcquire
                0x08009d3a       0x96 ./Middlewares/Third_Party/FreeRTOS/Source/CMSIS_RTOS_V2/cmsis_os2.o
                0x08009d3a                osMutexAcquire
 .text.osMutexRelease
                0x08009dd0       0x7a ./Middlewares/Third_Party/FreeRTOS/Source/CMSIS_RTOS_V2/cmsis_os2.o
                0x08009dd0                osMutexRelease
 .text.osMessageQueueNew
                0x08009e4a       0xe6 ./Middlewares/Third_Party/FreeRTOS/Source/CMSIS_RTOS_V2/cmsis_os2.o
                0x08009e4a                osMessageQueueNew
 .text.osMessageQueuePut
                0x08009f30       0xc0 ./Middlewares/Third_Party/FreeRTOS/Source/CMSIS_RTOS_V2/cmsis_os2.o
                0x08009f30                osMessageQueuePut
 .text.osMessageQueueGet
                0x08009ff0       0xbc ./Middlewares/Third_Party/FreeRTOS/Source/CMSIS_RTOS_V2/cmsis_os2.o
                0x08009ff0                osMessageQueueGet
 .text.vApplicationGetIdleTaskMemory
                0x0800a0ac       0x34 ./Middlewares/Third_Party/FreeRTOS/Source/CMSIS_RTOS_V2/cmsis_os2.o
                0x0800a0ac                vApplicationGetIdleTaskMemory
 .text.vApplicationGetTimerTaskMemory
                0x0800a0e0       0x34 ./Middlewares/Third_Party/FreeRTOS/Source/CMSIS_RTOS_V2/cmsis_os2.o
                0x0800a0e0                vApplicationGetTimerTaskMemory
 .text.vListInitialise
                0x0800a114       0x40 ./Middlewares/Third_Party/FreeRTOS/Source/list.o
                0x0800a114                vListInitialise
 .text.vListInitialiseItem
                0x0800a154       0x1a ./Middlewares/Third_Party/FreeRTOS/Source/list.o
                0x0800a154                vListInitialiseItem
 .text.vListInsertEnd
                0x0800a16e       0x48 ./Middlewares/Third_Party/FreeRTOS/Source/list.o
                0x0800a16e                vListInsertEnd
 .text.vListInsert
                0x0800a1b6       0x72 ./Middlewares/Third_Party/FreeRTOS/Source/list.o
                0x0800a1b6                vListInsert
 .text.uxListRemove
                0x0800a228       0x54 ./Middlewares/Third_Party/FreeRTOS/Source/list.o
                0x0800a228                uxListRemove
 .text.xQueueGenericReset
                0x0800a27c       0xd4 ./Middlewares/Third_Party/FreeRTOS/Source/queue.o
                0x0800a27c                xQueueGenericReset
 .text.xQueueGenericCreateStatic
                0x0800a350       0xfa ./Middlewares/Third_Party/FreeRTOS/Source/queue.o
                0x0800a350                xQueueGenericCreateStatic
 .text.xQueueGenericCreate
                0x0800a44a       0x76 ./Middlewares/Third_Party/FreeRTOS/Source/queue.o
                0x0800a44a                xQueueGenericCreate
 .text.prvInitialiseNewQueue
                0x0800a4c0       0x46 ./Middlewares/Third_Party/FreeRTOS/Source/queue.o
 .text.prvInitialiseMutex
                0x0800a506       0x34 ./Middlewares/Third_Party/FreeRTOS/Source/queue.o
 .text.xQueueCreateMutex
                0x0800a53a       0x30 ./Middlewares/Third_Party/FreeRTOS/Source/queue.o
                0x0800a53a                xQueueCreateMutex
 .text.xQueueCreateMutexStatic
                0x0800a56a       0x36 ./Middlewares/Third_Party/FreeRTOS/Source/queue.o
                0x0800a56a                xQueueCreateMutexStatic
 .text.xQueueGiveMutexRecursive
                0x0800a5a0       0x6a ./Middlewares/Third_Party/FreeRTOS/Source/queue.o
                0x0800a5a0                xQueueGiveMutexRecursive
 .text.xQueueTakeMutexRecursive
                0x0800a60a       0x6e ./Middlewares/Third_Party/FreeRTOS/Source/queue.o
                0x0800a60a                xQueueTakeMutexRecursive
 .text.xQueueGenericSend
                0x0800a678      0x204 ./Middlewares/Third_Party/FreeRTOS/Source/queue.o
                0x0800a678                xQueueGenericSend
 .text.xQueueGenericSendFromISR
                0x0800a87c      0x13c ./Middlewares/Third_Party/FreeRTOS/Source/queue.o
                0x0800a87c                xQueueGenericSendFromISR
 .text.xQueueReceive
                0x0800a9b8      0x1c4 ./Middlewares/Third_Party/FreeRTOS/Source/queue.o
                0x0800a9b8                xQueueReceive
 .text.xQueueSemaphoreTake
                0x0800ab7c      0x220 ./Middlewares/Third_Party/FreeRTOS/Source/queue.o
                0x0800ab7c                xQueueSemaphoreTake
 .text.xQueueReceiveFromISR
                0x0800ad9c      0x104 ./Middlewares/Third_Party/FreeRTOS/Source/queue.o
                0x0800ad9c                xQueueReceiveFromISR
 .text.prvGetDisinheritPriorityAfterTimeout
                0x0800aea0       0x30 ./Middlewares/Third_Party/FreeRTOS/Source/queue.o
 .text.prvCopyDataToQueue
                0x0800aed0       0xd4 ./Middlewares/Third_Party/FreeRTOS/Source/queue.o
 .text.prvCopyDataFromQueue
                0x0800afa4       0x4c ./Middlewares/Third_Party/FreeRTOS/Source/queue.o
 .text.prvUnlockQueue
                0x0800aff0       0xa4 ./Middlewares/Third_Party/FreeRTOS/Source/queue.o
 .text.prvIsQueueEmpty
                0x0800b094       0x2c ./Middlewares/Third_Party/FreeRTOS/Source/queue.o
 .text.prvIsQueueFull
                0x0800b0c0       0x30 ./Middlewares/Third_Party/FreeRTOS/Source/queue.o
 .text.vQueueAddToRegistry
                0x0800b0f0       0x54 ./Middlewares/Third_Party/FreeRTOS/Source/queue.o
                0x0800b0f0                vQueueAddToRegistry
 .text.vQueueWaitForMessageRestricted
                0x0800b144       0x68 ./Middlewares/Third_Party/FreeRTOS/Source/queue.o
                0x0800b144                vQueueWaitForMessageRestricted
 .text.xTaskCreateStatic
                0x0800b1ac       0xc0 ./Middlewares/Third_Party/FreeRTOS/Source/tasks.o
                0x0800b1ac                xTaskCreateStatic
 .text.xTaskCreate
                0x0800b26c       0x8a ./Middlewares/Third_Party/FreeRTOS/Source/tasks.o
                0x0800b26c                xTaskCreate
 *fill*         0x0800b2f6        0x2 
 .text.prvInitialiseNewTask
                0x0800b2f8      0x150 ./Middlewares/Third_Party/FreeRTOS/Source/tasks.o
 .text.prvAddNewTaskToReadyList
                0x0800b448       0xe0 ./Middlewares/Third_Party/FreeRTOS/Source/tasks.o
 .text.vTaskDelay
                0x0800b528       0x6c ./Middlewares/Third_Party/FreeRTOS/Source/tasks.o
                0x0800b528                vTaskDelay
 .text.vTaskStartScheduler
                0x0800b594       0xe0 ./Middlewares/Third_Party/FreeRTOS/Source/tasks.o
                0x0800b594                vTaskStartScheduler
 .text.vTaskSuspendAll
                0x0800b674       0x1c ./Middlewares/Third_Party/FreeRTOS/Source/tasks.o
                0x0800b674                vTaskSuspendAll
 .text.xTaskResumeAll
                0x0800b690      0x13c ./Middlewares/Third_Party/FreeRTOS/Source/tasks.o
                0x0800b690                xTaskResumeAll
 .text.xTaskGetTickCount
                0x0800b7cc       0x20 ./Middlewares/Third_Party/FreeRTOS/Source/tasks.o
                0x0800b7cc                xTaskGetTickCount
 .text.xTaskIncrementTick
                0x0800b7ec      0x174 ./Middlewares/Third_Party/FreeRTOS/Source/tasks.o
                0x0800b7ec                xTaskIncrementTick
 .text.vTaskSwitchContext
                0x0800b960       0xcc ./Middlewares/Third_Party/FreeRTOS/Source/tasks.o
                0x0800b960                vTaskSwitchContext
 .text.vTaskPlaceOnEventList
                0x0800ba2c       0x4c ./Middlewares/Third_Party/FreeRTOS/Source/tasks.o
                0x0800ba2c                vTaskPlaceOnEventList
 .text.vTaskPlaceOnEventListRestricted
                0x0800ba78       0x58 ./Middlewares/Third_Party/FreeRTOS/Source/tasks.o
                0x0800ba78                vTaskPlaceOnEventListRestricted
 .text.xTaskRemoveFromEventList
                0x0800bad0       0xc8 ./Middlewares/Third_Party/FreeRTOS/Source/tasks.o
                0x0800bad0                xTaskRemoveFromEventList
 .text.vTaskInternalSetTimeOutState
                0x0800bb98       0x2c ./Middlewares/Third_Party/FreeRTOS/Source/tasks.o
                0x0800bb98                vTaskInternalSetTimeOutState
 .text.xTaskCheckForTimeOut
                0x0800bbc4       0xc8 ./Middlewares/Third_Party/FreeRTOS/Source/tasks.o
                0x0800bbc4                xTaskCheckForTimeOut
 .text.vTaskMissedYield
                0x0800bc8c       0x18 ./Middlewares/Third_Party/FreeRTOS/Source/tasks.o
                0x0800bc8c                vTaskMissedYield
 .text.prvIdleTask
                0x0800bca4       0x30 ./Middlewares/Third_Party/FreeRTOS/Source/tasks.o
 .text.prvInitialiseTaskLists
                0x0800bcd4       0x80 ./Middlewares/Third_Party/FreeRTOS/Source/tasks.o
 .text.prvCheckTasksWaitingTermination
                0x0800bd54       0x5c ./Middlewares/Third_Party/FreeRTOS/Source/tasks.o
 .text.prvDeleteTCB
                0x0800bdb0       0x6a ./Middlewares/Third_Party/FreeRTOS/Source/tasks.o
 *fill*         0x0800be1a        0x2 
 .text.prvResetNextTaskUnblockTime
                0x0800be1c       0x40 ./Middlewares/Third_Party/FreeRTOS/Source/tasks.o
 .text.xTaskGetCurrentTaskHandle
                0x0800be5c       0x20 ./Middlewares/Third_Party/FreeRTOS/Source/tasks.o
                0x0800be5c                xTaskGetCurrentTaskHandle
 .text.xTaskGetSchedulerState
                0x0800be7c       0x3c ./Middlewares/Third_Party/FreeRTOS/Source/tasks.o
                0x0800be7c                xTaskGetSchedulerState
 .text.xTaskPriorityInherit
                0x0800beb8       0xd0 ./Middlewares/Third_Party/FreeRTOS/Source/tasks.o
                0x0800beb8                xTaskPriorityInherit
 .text.xTaskPriorityDisinherit
                0x0800bf88       0xe0 ./Middlewares/Third_Party/FreeRTOS/Source/tasks.o
                0x0800bf88                xTaskPriorityDisinherit
 .text.vTaskPriorityDisinheritAfterTimeout
                0x0800c068      0x108 ./Middlewares/Third_Party/FreeRTOS/Source/tasks.o
                0x0800c068                vTaskPriorityDisinheritAfterTimeout
 .text.pvTaskIncrementMutexHeldCount
                0x0800c170       0x28 ./Middlewares/Third_Party/FreeRTOS/Source/tasks.o
                0x0800c170                pvTaskIncrementMutexHeldCount
 .text.prvAddCurrentTaskToDelayedList
                0x0800c198       0xa8 ./Middlewares/Third_Party/FreeRTOS/Source/tasks.o
 .text.xTimerCreateTimerTask
                0x0800c240       0x94 ./Middlewares/Third_Party/FreeRTOS/Source/timers.o
                0x0800c240                xTimerCreateTimerTask
 .text.xTimerGenericCommand
                0x0800c2d4       0x9c ./Middlewares/Third_Party/FreeRTOS/Source/timers.o
                0x0800c2d4                xTimerGenericCommand
 .text.prvProcessExpiredTimer
                0x0800c370       0x9c ./Middlewares/Third_Party/FreeRTOS/Source/timers.o
 .text.prvTimerTask
                0x0800c40c       0x26 ./Middlewares/Third_Party/FreeRTOS/Source/timers.o
 *fill*         0x0800c432        0x2 
 .text.prvProcessTimerOrBlockTask
                0x0800c434       0x9c ./Middlewares/Third_Party/FreeRTOS/Source/timers.o
 .text.prvGetNextExpireTime
                0x0800c4d0       0x48 ./Middlewares/Third_Party/FreeRTOS/Source/timers.o
 .text.prvSampleTimeNow
                0x0800c518       0x40 ./Middlewares/Third_Party/FreeRTOS/Source/timers.o
 .text.prvInsertTimerInActiveList
                0x0800c558       0x84 ./Middlewares/Third_Party/FreeRTOS/Source/timers.o
 .text.prvProcessReceivedCommands
                0x0800c5dc      0x1cc ./Middlewares/Third_Party/FreeRTOS/Source/timers.o
 .text.prvSwitchTimerLists
                0x0800c7a8       0xcc ./Middlewares/Third_Party/FreeRTOS/Source/timers.o
 .text.prvCheckForValidListAndQueue
                0x0800c874       0x80 ./Middlewares/Third_Party/FreeRTOS/Source/timers.o
 .text.pxPortInitialiseStack
                0x0800c8f4       0x68 ./Middlewares/Third_Party/FreeRTOS/Source/portable/GCC/ARM_CM4F/port.o
                0x0800c8f4                pxPortInitialiseStack
 .text.prvTaskExitError
                0x0800c95c       0x5c ./Middlewares/Third_Party/FreeRTOS/Source/portable/GCC/ARM_CM4F/port.o
 *fill*         0x0800c9b8        0x8 
 .text.SVC_Handler
                0x0800c9c0       0x28 ./Middlewares/Third_Party/FreeRTOS/Source/portable/GCC/ARM_CM4F/port.o
                0x0800c9c0                SVC_Handler
 .text.prvPortStartFirstTask
                0x0800c9e8       0x28 ./Middlewares/Third_Party/FreeRTOS/Source/portable/GCC/ARM_CM4F/port.o
 .text.xPortStartScheduler
                0x0800ca10      0x148 ./Middlewares/Third_Party/FreeRTOS/Source/portable/GCC/ARM_CM4F/port.o
                0x0800ca10                xPortStartScheduler
 .text.vPortEnterCritical
                0x0800cb58       0x64 ./Middlewares/Third_Party/FreeRTOS/Source/portable/GCC/ARM_CM4F/port.o
                0x0800cb58                vPortEnterCritical
 .text.vPortExitCritical
                0x0800cbbc       0x54 ./Middlewares/Third_Party/FreeRTOS/Source/portable/GCC/ARM_CM4F/port.o
                0x0800cbbc                vPortExitCritical
 .text.PendSV_Handler
                0x0800cc10       0x68 ./Middlewares/Third_Party/FreeRTOS/Source/portable/GCC/ARM_CM4F/port.o
                0x0800cc10                PendSV_Handler
 .text.xPortSysTickHandler
                0x0800cc78       0x44 ./Middlewares/Third_Party/FreeRTOS/Source/portable/GCC/ARM_CM4F/port.o
                0x0800cc78                xPortSysTickHandler
 .text.vPortSetupTimerInterrupt
                0x0800ccbc       0x48 ./Middlewares/Third_Party/FreeRTOS/Source/portable/GCC/ARM_CM4F/port.o
                0x0800ccbc                vPortSetupTimerInterrupt
 .text.vPortEnableVFP
                0x0800cd04       0x14 ./Middlewares/Third_Party/FreeRTOS/Source/portable/GCC/ARM_CM4F/port.o
 .text.vPortValidateInterruptPriority
                0x0800cd18       0x84 ./Middlewares/Third_Party/FreeRTOS/Source/portable/GCC/ARM_CM4F/port.o
                0x0800cd18                vPortValidateInterruptPriority
 .text.pvPortMalloc
                0x0800cd9c      0x1a8 ./Middlewares/Third_Party/FreeRTOS/Source/portable/MemMang/heap_4.o
                0x0800cd9c                pvPortMalloc
 .text.vPortFree
                0x0800cf44       0xc8 ./Middlewares/Third_Party/FreeRTOS/Source/portable/MemMang/heap_4.o
                0x0800cf44                vPortFree
 .text.prvHeapInit
                0x0800d00c       0xc4 ./Middlewares/Third_Party/FreeRTOS/Source/portable/MemMang/heap_4.o
 .text.prvInsertBlockIntoFreeList
                0x0800d0d0       0xb4 ./Middlewares/Third_Party/FreeRTOS/Source/portable/MemMang/heap_4.o
 .text.__cvt    0x0800d184       0xca C:/ST/STM32CubeIDE_1.19.0/STM32CubeIDE/plugins/com.st.stm32cube.ide.mcu.externaltools.gnu-tools-for-stm32.13.3.rel1.win32_1.0.0.202411081344/tools/bin/../lib/gcc/arm-none-eabi/13.3.1/../../../../arm-none-eabi/lib/thumb/v7e-m+fp/hard\libc_nano.a(libc_a-nano-vfprintf_float.o)
                0x0800d184                __cvt
 .text.__exponent
                0x0800d24e       0x74 C:/ST/STM32CubeIDE_1.19.0/STM32CubeIDE/plugins/com.st.stm32cube.ide.mcu.externaltools.gnu-tools-for-stm32.13.3.rel1.win32_1.0.0.202411081344/tools/bin/../lib/gcc/arm-none-eabi/13.3.1/../../../../arm-none-eabi/lib/thumb/v7e-m+fp/hard\libc_nano.a(libc_a-nano-vfprintf_float.o)
                0x0800d24e                __exponent
 *fill*         0x0800d2c2        0x2 
 .text._printf_float
                0x0800d2c4      0x454 C:/ST/STM32CubeIDE_1.19.0/STM32CubeIDE/plugins/com.st.stm32cube.ide.mcu.externaltools.gnu-tools-for-stm32.13.3.rel1.win32_1.0.0.202411081344/tools/bin/../lib/gcc/arm-none-eabi/13.3.1/../../../../arm-none-eabi/lib/thumb/v7e-m+fp/hard\libc_nano.a(libc_a-nano-vfprintf_float.o)
                0x0800d2c4                _printf_float
 .text._printf_common
                0x0800d718       0xda C:/ST/STM32CubeIDE_1.19.0/STM32CubeIDE/plugins/com.st.stm32cube.ide.mcu.externaltools.gnu-tools-for-stm32.13.3.rel1.win32_1.0.0.202411081344/tools/bin/../lib/gcc/arm-none-eabi/13.3.1/../../../../arm-none-eabi/lib/thumb/v7e-m+fp/hard\libc_nano.a(libc_a-nano-vfprintf_i.o)
                0x0800d718                _printf_common
 *fill*         0x0800d7f2        0x2 
 .text._printf_i
                0x0800d7f4      0x23c C:/ST/STM32CubeIDE_1.19.0/STM32CubeIDE/plugins/com.st.stm32cube.ide.mcu.externaltools.gnu-tools-for-stm32.13.3.rel1.win32_1.0.0.202411081344/tools/bin/../lib/gcc/arm-none-eabi/13.3.1/../../../../arm-none-eabi/lib/thumb/v7e-m+fp/hard\libc_nano.a(libc_a-nano-vfprintf_i.o)
                0x0800d7f4                _printf_i
 .text.std      0x0800da30       0x6c C:/ST/STM32CubeIDE_1.19.0/STM32CubeIDE/plugins/com.st.stm32cube.ide.mcu.externaltools.gnu-tools-for-stm32.13.3.rel1.win32_1.0.0.202411081344/tools/bin/../lib/gcc/arm-none-eabi/13.3.1/../../../../arm-none-eabi/lib/thumb/v7e-m+fp/hard\libc_nano.a(libc_a-findfp.o)
 .text.stdio_exit_handler
                0x0800da9c       0x18 C:/ST/STM32CubeIDE_1.19.0/STM32CubeIDE/plugins/com.st.stm32cube.ide.mcu.externaltools.gnu-tools-for-stm32.13.3.rel1.win32_1.0.0.202411081344/tools/bin/../lib/gcc/arm-none-eabi/13.3.1/../../../../arm-none-eabi/lib/thumb/v7e-m+fp/hard\libc_nano.a(libc_a-findfp.o)
 .text.cleanup_stdio
                0x0800dab4       0x40 C:/ST/STM32CubeIDE_1.19.0/STM32CubeIDE/plugins/com.st.stm32cube.ide.mcu.externaltools.gnu-tools-for-stm32.13.3.rel1.win32_1.0.0.202411081344/tools/bin/../lib/gcc/arm-none-eabi/13.3.1/../../../../arm-none-eabi/lib/thumb/v7e-m+fp/hard\libc_nano.a(libc_a-findfp.o)
 .text.global_stdio_init.part.0
                0x0800daf4       0x3c C:/ST/STM32CubeIDE_1.19.0/STM32CubeIDE/plugins/com.st.stm32cube.ide.mcu.externaltools.gnu-tools-for-stm32.13.3.rel1.win32_1.0.0.202411081344/tools/bin/../lib/gcc/arm-none-eabi/13.3.1/../../../../arm-none-eabi/lib/thumb/v7e-m+fp/hard\libc_nano.a(libc_a-findfp.o)
 .text.__sfp_lock_acquire
                0x0800db30        0xc C:/ST/STM32CubeIDE_1.19.0/STM32CubeIDE/plugins/com.st.stm32cube.ide.mcu.externaltools.gnu-tools-for-stm32.13.3.rel1.win32_1.0.0.202411081344/tools/bin/../lib/gcc/arm-none-eabi/13.3.1/../../../../arm-none-eabi/lib/thumb/v7e-m+fp/hard\libc_nano.a(libc_a-findfp.o)
                0x0800db30                __sfp_lock_acquire
 .text.__sfp_lock_release
                0x0800db3c        0xc C:/ST/STM32CubeIDE_1.19.0/STM32CubeIDE/plugins/com.st.stm32cube.ide.mcu.externaltools.gnu-tools-for-stm32.13.3.rel1.win32_1.0.0.202411081344/tools/bin/../lib/gcc/arm-none-eabi/13.3.1/../../../../arm-none-eabi/lib/thumb/v7e-m+fp/hard\libc_nano.a(libc_a-findfp.o)
                0x0800db3c                __sfp_lock_release
 .text.__sinit  0x0800db48       0x30 C:/ST/STM32CubeIDE_1.19.0/STM32CubeIDE/plugins/com.st.stm32cube.ide.mcu.externaltools.gnu-tools-for-stm32.13.3.rel1.win32_1.0.0.202411081344/tools/bin/../lib/gcc/arm-none-eabi/13.3.1/../../../../arm-none-eabi/lib/thumb/v7e-m+fp/hard\libc_nano.a(libc_a-findfp.o)
                0x0800db48                __sinit
 .text._fwalk_sglue
                0x0800db78       0x3c C:/ST/STM32CubeIDE_1.19.0/STM32CubeIDE/plugins/com.st.stm32cube.ide.mcu.externaltools.gnu-tools-for-stm32.13.3.rel1.win32_1.0.0.202411081344/tools/bin/../lib/gcc/arm-none-eabi/13.3.1/../../../../arm-none-eabi/lib/thumb/v7e-m+fp/hard\libc_nano.a(libc_a-fwalk.o)
                0x0800db78                _fwalk_sglue
 .text.snprintf
                0x0800dbb4       0x6c C:/ST/STM32CubeIDE_1.19.0/STM32CubeIDE/plugins/com.st.stm32cube.ide.mcu.externaltools.gnu-tools-for-stm32.13.3.rel1.win32_1.0.0.202411081344/tools/bin/../lib/gcc/arm-none-eabi/13.3.1/../../../../arm-none-eabi/lib/thumb/v7e-m+fp/hard\libc_nano.a(libc_a-snprintf.o)
                0x0800dbb4                sniprintf
                0x0800dbb4                snprintf
 .text.__sread  0x0800dc20       0x22 C:/ST/STM32CubeIDE_1.19.0/STM32CubeIDE/plugins/com.st.stm32cube.ide.mcu.externaltools.gnu-tools-for-stm32.13.3.rel1.win32_1.0.0.202411081344/tools/bin/../lib/gcc/arm-none-eabi/13.3.1/../../../../arm-none-eabi/lib/thumb/v7e-m+fp/hard\libc_nano.a(libc_a-stdio.o)
                0x0800dc20                __sread
 .text.__swrite
                0x0800dc42       0x38 C:/ST/STM32CubeIDE_1.19.0/STM32CubeIDE/plugins/com.st.stm32cube.ide.mcu.externaltools.gnu-tools-for-stm32.13.3.rel1.win32_1.0.0.202411081344/tools/bin/../lib/gcc/arm-none-eabi/13.3.1/../../../../arm-none-eabi/lib/thumb/v7e-m+fp/hard\libc_nano.a(libc_a-stdio.o)
                0x0800dc42                __swrite
 .text.__sseek  0x0800dc7a       0x24 C:/ST/STM32CubeIDE_1.19.0/STM32CubeIDE/plugins/com.st.stm32cube.ide.mcu.externaltools.gnu-tools-for-stm32.13.3.rel1.win32_1.0.0.202411081344/tools/bin/../lib/gcc/arm-none-eabi/13.3.1/../../../../arm-none-eabi/lib/thumb/v7e-m+fp/hard\libc_nano.a(libc_a-stdio.o)
                0x0800dc7a                __sseek
 .text.__sclose
                0x0800dc9e        0x8 C:/ST/STM32CubeIDE_1.19.0/STM32CubeIDE/plugins/com.st.stm32cube.ide.mcu.externaltools.gnu-tools-for-stm32.13.3.rel1.win32_1.0.0.202411081344/tools/bin/../lib/gcc/arm-none-eabi/13.3.1/../../../../arm-none-eabi/lib/thumb/v7e-m+fp/hard\libc_nano.a(libc_a-stdio.o)
                0x0800dc9e                __sclose
 .text.memset   0x0800dca6       0x10 C:/ST/STM32CubeIDE_1.19.0/STM32CubeIDE/plugins/com.st.stm32cube.ide.mcu.externaltools.gnu-tools-for-stm32.13.3.rel1.win32_1.0.0.202411081344/tools/bin/../lib/gcc/arm-none-eabi/13.3.1/../../../../arm-none-eabi/lib/thumb/v7e-m+fp/hard\libc_nano.a(libc_a-memset.o)
                0x0800dca6                memset
 *fill*         0x0800dcb6        0x2 
 .text._localeconv_r
                0x0800dcb8        0x8 C:/ST/STM32CubeIDE_1.19.0/STM32CubeIDE/plugins/com.st.stm32cube.ide.mcu.externaltools.gnu-tools-for-stm32.13.3.rel1.win32_1.0.0.202411081344/tools/bin/../lib/gcc/arm-none-eabi/13.3.1/../../../../arm-none-eabi/lib/thumb/v7e-m+fp/hard\libc_nano.a(libc_a-localeconv.o)
                0x0800dcb8                _localeconv_r
 .text._close_r
                0x0800dcc0       0x20 C:/ST/STM32CubeIDE_1.19.0/STM32CubeIDE/plugins/com.st.stm32cube.ide.mcu.externaltools.gnu-tools-for-stm32.13.3.rel1.win32_1.0.0.202411081344/tools/bin/../lib/gcc/arm-none-eabi/13.3.1/../../../../arm-none-eabi/lib/thumb/v7e-m+fp/hard\libc_nano.a(libc_a-closer.o)
                0x0800dcc0                _close_r
 .text._reclaim_reent
                0x0800dce0       0xbc C:/ST/STM32CubeIDE_1.19.0/STM32CubeIDE/plugins/com.st.stm32cube.ide.mcu.externaltools.gnu-tools-for-stm32.13.3.rel1.win32_1.0.0.202411081344/tools/bin/../lib/gcc/arm-none-eabi/13.3.1/../../../../arm-none-eabi/lib/thumb/v7e-m+fp/hard\libc_nano.a(libc_a-reent.o)
                0x0800dce0                _reclaim_reent
 .text._lseek_r
                0x0800dd9c       0x24 C:/ST/STM32CubeIDE_1.19.0/STM32CubeIDE/plugins/com.st.stm32cube.ide.mcu.externaltools.gnu-tools-for-stm32.13.3.rel1.win32_1.0.0.202411081344/tools/bin/../lib/gcc/arm-none-eabi/13.3.1/../../../../arm-none-eabi/lib/thumb/v7e-m+fp/hard\libc_nano.a(libc_a-lseekr.o)
                0x0800dd9c                _lseek_r
 .text._read_r  0x0800ddc0       0x24 C:/ST/STM32CubeIDE_1.19.0/STM32CubeIDE/plugins/com.st.stm32cube.ide.mcu.externaltools.gnu-tools-for-stm32.13.3.rel1.win32_1.0.0.202411081344/tools/bin/../lib/gcc/arm-none-eabi/13.3.1/../../../../arm-none-eabi/lib/thumb/v7e-m+fp/hard\libc_nano.a(libc_a-readr.o)
                0x0800ddc0                _read_r
 .text._write_r
                0x0800dde4       0x24 C:/ST/STM32CubeIDE_1.19.0/STM32CubeIDE/plugins/com.st.stm32cube.ide.mcu.externaltools.gnu-tools-for-stm32.13.3.rel1.win32_1.0.0.202411081344/tools/bin/../lib/gcc/arm-none-eabi/13.3.1/../../../../arm-none-eabi/lib/thumb/v7e-m+fp/hard\libc_nano.a(libc_a-writer.o)
                0x0800dde4                _write_r
 .text.__errno  0x0800de08        0xc C:/ST/STM32CubeIDE_1.19.0/STM32CubeIDE/plugins/com.st.stm32cube.ide.mcu.externaltools.gnu-tools-for-stm32.13.3.rel1.win32_1.0.0.202411081344/tools/bin/../lib/gcc/arm-none-eabi/13.3.1/../../../../arm-none-eabi/lib/thumb/v7e-m+fp/hard\libc_nano.a(libc_a-errno.o)
                0x0800de08                __errno
 .text.__libc_init_array
                0x0800de14       0x48 C:/ST/STM32CubeIDE_1.19.0/STM32CubeIDE/plugins/com.st.stm32cube.ide.mcu.externaltools.gnu-tools-for-stm32.13.3.rel1.win32_1.0.0.202411081344/tools/bin/../lib/gcc/arm-none-eabi/13.3.1/../../../../arm-none-eabi/lib/thumb/v7e-m+fp/hard\libc_nano.a(libc_a-init.o)
                0x0800de14                __libc_init_array
 .text.__retarget_lock_init_recursive
                0x0800de5c        0x2 C:/ST/STM32CubeIDE_1.19.0/STM32CubeIDE/plugins/com.st.stm32cube.ide.mcu.externaltools.gnu-tools-for-stm32.13.3.rel1.win32_1.0.0.202411081344/tools/bin/../lib/gcc/arm-none-eabi/13.3.1/../../../../arm-none-eabi/lib/thumb/v7e-m+fp/hard\libc_nano.a(libc_a-lock.o)
                0x0800de5c                __retarget_lock_init_recursive
 .text.__retarget_lock_acquire_recursive
                0x0800de5e        0x2 C:/ST/STM32CubeIDE_1.19.0/STM32CubeIDE/plugins/com.st.stm32cube.ide.mcu.externaltools.gnu-tools-for-stm32.13.3.rel1.win32_1.0.0.202411081344/tools/bin/../lib/gcc/arm-none-eabi/13.3.1/../../../../arm-none-eabi/lib/thumb/v7e-m+fp/hard\libc_nano.a(libc_a-lock.o)
                0x0800de5e                __retarget_lock_acquire_recursive
 .text.__retarget_lock_release_recursive
                0x0800de60        0x2 C:/ST/STM32CubeIDE_1.19.0/STM32CubeIDE/plugins/com.st.stm32cube.ide.mcu.externaltools.gnu-tools-for-stm32.13.3.rel1.win32_1.0.0.202411081344/tools/bin/../lib/gcc/arm-none-eabi/13.3.1/../../../../arm-none-eabi/lib/thumb/v7e-m+fp/hard\libc_nano.a(libc_a-lock.o)
                0x0800de60                __retarget_lock_release_recursive
 .text.memcpy   0x0800de62       0x1c C:/ST/STM32CubeIDE_1.19.0/STM32CubeIDE/plugins/com.st.stm32cube.ide.mcu.externaltools.gnu-tools-for-stm32.13.3.rel1.win32_1.0.0.202411081344/tools/bin/../lib/gcc/arm-none-eabi/13.3.1/../../../../arm-none-eabi/lib/thumb/v7e-m+fp/hard\libc_nano.a(libc_a-memcpy-stub.o)
                0x0800de62                memcpy
 .text.quorem   0x0800de7e      0x110 C:/ST/STM32CubeIDE_1.19.0/STM32CubeIDE/plugins/com.st.stm32cube.ide.mcu.externaltools.gnu-tools-for-stm32.13.3.rel1.win32_1.0.0.202411081344/tools/bin/../lib/gcc/arm-none-eabi/13.3.1/../../../../arm-none-eabi/lib/thumb/v7e-m+fp/hard\libc_nano.a(libc_a-dtoa.o)
 *fill*         0x0800df8e        0x2 
 .text._dtoa_r  0x0800df90      0xba0 C:/ST/STM32CubeIDE_1.19.0/STM32CubeIDE/plugins/com.st.stm32cube.ide.mcu.externaltools.gnu-tools-for-stm32.13.3.rel1.win32_1.0.0.202411081344/tools/bin/../lib/gcc/arm-none-eabi/13.3.1/../../../../arm-none-eabi/lib/thumb/v7e-m+fp/hard\libc_nano.a(libc_a-dtoa.o)
                0x0800df90                _dtoa_r
 .text._free_r  0x0800eb30       0x94 C:/ST/STM32CubeIDE_1.19.0/STM32CubeIDE/plugins/com.st.stm32cube.ide.mcu.externaltools.gnu-tools-for-stm32.13.3.rel1.win32_1.0.0.202411081344/tools/bin/../lib/gcc/arm-none-eabi/13.3.1/../../../../arm-none-eabi/lib/thumb/v7e-m+fp/hard\libc_nano.a(libc_a-freer.o)
                0x0800eb30                _free_r
 .text.malloc   0x0800ebc4       0x10 C:/ST/STM32CubeIDE_1.19.0/STM32CubeIDE/plugins/com.st.stm32cube.ide.mcu.externaltools.gnu-tools-for-stm32.13.3.rel1.win32_1.0.0.202411081344/tools/bin/../lib/gcc/arm-none-eabi/13.3.1/../../../../arm-none-eabi/lib/thumb/v7e-m+fp/hard\libc_nano.a(libc_a-malloc.o)
                0x0800ebc4                malloc
 .text.sbrk_aligned
                0x0800ebd4       0x44 C:/ST/STM32CubeIDE_1.19.0/STM32CubeIDE/plugins/com.st.stm32cube.ide.mcu.externaltools.gnu-tools-for-stm32.13.3.rel1.win32_1.0.0.202411081344/tools/bin/../lib/gcc/arm-none-eabi/13.3.1/../../../../arm-none-eabi/lib/thumb/v7e-m+fp/hard\libc_nano.a(libc_a-mallocr.o)
 .text._malloc_r
                0x0800ec18      0x100 C:/ST/STM32CubeIDE_1.19.0/STM32CubeIDE/plugins/com.st.stm32cube.ide.mcu.externaltools.gnu-tools-for-stm32.13.3.rel1.win32_1.0.0.202411081344/tools/bin/../lib/gcc/arm-none-eabi/13.3.1/../../../../arm-none-eabi/lib/thumb/v7e-m+fp/hard\libc_nano.a(libc_a-mallocr.o)
                0x0800ec18                _malloc_r
 .text.__malloc_lock
                0x0800ed18        0xc C:/ST/STM32CubeIDE_1.19.0/STM32CubeIDE/plugins/com.st.stm32cube.ide.mcu.externaltools.gnu-tools-for-stm32.13.3.rel1.win32_1.0.0.202411081344/tools/bin/../lib/gcc/arm-none-eabi/13.3.1/../../../../arm-none-eabi/lib/thumb/v7e-m+fp/hard\libc_nano.a(libc_a-mlock.o)
                0x0800ed18                __malloc_lock
 .text.__malloc_unlock
                0x0800ed24        0xc C:/ST/STM32CubeIDE_1.19.0/STM32CubeIDE/plugins/com.st.stm32cube.ide.mcu.externaltools.gnu-tools-for-stm32.13.3.rel1.win32_1.0.0.202411081344/tools/bin/../lib/gcc/arm-none-eabi/13.3.1/../../../../arm-none-eabi/lib/thumb/v7e-m+fp/hard\libc_nano.a(libc_a-mlock.o)
                0x0800ed24                __malloc_unlock
 .text._Balloc  0x0800ed30       0x80 C:/ST/STM32CubeIDE_1.19.0/STM32CubeIDE/plugins/com.st.stm32cube.ide.mcu.externaltools.gnu-tools-for-stm32.13.3.rel1.win32_1.0.0.202411081344/tools/bin/../lib/gcc/arm-none-eabi/13.3.1/../../../../arm-none-eabi/lib/thumb/v7e-m+fp/hard\libc_nano.a(libc_a-mprec.o)
                0x0800ed30                _Balloc
 .text._Bfree   0x0800edb0       0x44 C:/ST/STM32CubeIDE_1.19.0/STM32CubeIDE/plugins/com.st.stm32cube.ide.mcu.externaltools.gnu-tools-for-stm32.13.3.rel1.win32_1.0.0.202411081344/tools/bin/../lib/gcc/arm-none-eabi/13.3.1/../../../../arm-none-eabi/lib/thumb/v7e-m+fp/hard\libc_nano.a(libc_a-mprec.o)
                0x0800edb0                _Bfree
 .text.__multadd
                0x0800edf4       0x8c C:/ST/STM32CubeIDE_1.19.0/STM32CubeIDE/plugins/com.st.stm32cube.ide.mcu.externaltools.gnu-tools-for-stm32.13.3.rel1.win32_1.0.0.202411081344/tools/bin/../lib/gcc/arm-none-eabi/13.3.1/../../../../arm-none-eabi/lib/thumb/v7e-m+fp/hard\libc_nano.a(libc_a-mprec.o)
                0x0800edf4                __multadd
 .text.__hi0bits
                0x0800ee80       0x3e C:/ST/STM32CubeIDE_1.19.0/STM32CubeIDE/plugins/com.st.stm32cube.ide.mcu.externaltools.gnu-tools-for-stm32.13.3.rel1.win32_1.0.0.202411081344/tools/bin/../lib/gcc/arm-none-eabi/13.3.1/../../../../arm-none-eabi/lib/thumb/v7e-m+fp/hard\libc_nano.a(libc_a-mprec.o)
                0x0800ee80                __hi0bits
 .text.__lo0bits
                0x0800eebe       0x5a C:/ST/STM32CubeIDE_1.19.0/STM32CubeIDE/plugins/com.st.stm32cube.ide.mcu.externaltools.gnu-tools-for-stm32.13.3.rel1.win32_1.0.0.202411081344/tools/bin/../lib/gcc/arm-none-eabi/13.3.1/../../../../arm-none-eabi/lib/thumb/v7e-m+fp/hard\libc_nano.a(libc_a-mprec.o)
                0x0800eebe                __lo0bits
 .text.__i2b    0x0800ef18       0x2c C:/ST/STM32CubeIDE_1.19.0/STM32CubeIDE/plugins/com.st.stm32cube.ide.mcu.externaltools.gnu-tools-for-stm32.13.3.rel1.win32_1.0.0.202411081344/tools/bin/../lib/gcc/arm-none-eabi/13.3.1/../../../../arm-none-eabi/lib/thumb/v7e-m+fp/hard\libc_nano.a(libc_a-mprec.o)
                0x0800ef18                __i2b
 .text.__multiply
                0x0800ef44      0x144 C:/ST/STM32CubeIDE_1.19.0/STM32CubeIDE/plugins/com.st.stm32cube.ide.mcu.externaltools.gnu-tools-for-stm32.13.3.rel1.win32_1.0.0.202411081344/tools/bin/../lib/gcc/arm-none-eabi/13.3.1/../../../../arm-none-eabi/lib/thumb/v7e-m+fp/hard\libc_nano.a(libc_a-mprec.o)
                0x0800ef44                __multiply
 .text.__pow5mult
                0x0800f088       0xb4 C:/ST/STM32CubeIDE_1.19.0/STM32CubeIDE/plugins/com.st.stm32cube.ide.mcu.externaltools.gnu-tools-for-stm32.13.3.rel1.win32_1.0.0.202411081344/tools/bin/../lib/gcc/arm-none-eabi/13.3.1/../../../../arm-none-eabi/lib/thumb/v7e-m+fp/hard\libc_nano.a(libc_a-mprec.o)
                0x0800f088                __pow5mult
 .text.__lshift
                0x0800f13c       0xd8 C:/ST/STM32CubeIDE_1.19.0/STM32CubeIDE/plugins/com.st.stm32cube.ide.mcu.externaltools.gnu-tools-for-stm32.13.3.rel1.win32_1.0.0.202411081344/tools/bin/../lib/gcc/arm-none-eabi/13.3.1/../../../../arm-none-eabi/lib/thumb/v7e-m+fp/hard\libc_nano.a(libc_a-mprec.o)
                0x0800f13c                __lshift
 .text.__mcmp   0x0800f214       0x36 C:/ST/STM32CubeIDE_1.19.0/STM32CubeIDE/plugins/com.st.stm32cube.ide.mcu.externaltools.gnu-tools-for-stm32.13.3.rel1.win32_1.0.0.202411081344/tools/bin/../lib/gcc/arm-none-eabi/13.3.1/../../../../arm-none-eabi/lib/thumb/v7e-m+fp/hard\libc_nano.a(libc_a-mprec.o)
                0x0800f214                __mcmp
 *fill*         0x0800f24a        0x2 
 .text.__mdiff  0x0800f24c      0x128 C:/ST/STM32CubeIDE_1.19.0/STM32CubeIDE/plugins/com.st.stm32cube.ide.mcu.externaltools.gnu-tools-for-stm32.13.3.rel1.win32_1.0.0.202411081344/tools/bin/../lib/gcc/arm-none-eabi/13.3.1/../../../../arm-none-eabi/lib/thumb/v7e-m+fp/hard\libc_nano.a(libc_a-mprec.o)
                0x0800f24c                __mdiff
 .text.__d2b    0x0800f374       0xb0 C:/ST/STM32CubeIDE_1.19.0/STM32CubeIDE/plugins/com.st.stm32cube.ide.mcu.externaltools.gnu-tools-for-stm32.13.3.rel1.win32_1.0.0.202411081344/tools/bin/../lib/gcc/arm-none-eabi/13.3.1/../../../../arm-none-eabi/lib/thumb/v7e-m+fp/hard\libc_nano.a(libc_a-mprec.o)
                0x0800f374                __d2b
 .text.__ssputs_r
                0x0800f424       0xb6 C:/ST/STM32CubeIDE_1.19.0/STM32CubeIDE/plugins/com.st.stm32cube.ide.mcu.externaltools.gnu-tools-for-stm32.13.3.rel1.win32_1.0.0.202411081344/tools/bin/../lib/gcc/arm-none-eabi/13.3.1/../../../../arm-none-eabi/lib/thumb/v7e-m+fp/hard\libc_nano.a(libc_a-nano-svfprintf.o)
                0x0800f424                __ssputs_r
 *fill*         0x0800f4da        0x2 
 .text._svfprintf_r
                0x0800f4dc      0x1f8 C:/ST/STM32CubeIDE_1.19.0/STM32CubeIDE/plugins/com.st.stm32cube.ide.mcu.externaltools.gnu-tools-for-stm32.13.3.rel1.win32_1.0.0.202411081344/tools/bin/../lib/gcc/arm-none-eabi/13.3.1/../../../../arm-none-eabi/lib/thumb/v7e-m+fp/hard\libc_nano.a(libc_a-nano-svfprintf.o)
                0x0800f4dc                _svfiprintf_r
                0x0800f4dc                _svfprintf_r
 .text.__sflush_r
                0x0800f6d4      0x108 C:/ST/STM32CubeIDE_1.19.0/STM32CubeIDE/plugins/com.st.stm32cube.ide.mcu.externaltools.gnu-tools-for-stm32.13.3.rel1.win32_1.0.0.202411081344/tools/bin/../lib/gcc/arm-none-eabi/13.3.1/../../../../arm-none-eabi/lib/thumb/v7e-m+fp/hard\libc_nano.a(libc_a-fflush.o)
                0x0800f6d4                __sflush_r
 .text._fflush_r
                0x0800f7dc       0x50 C:/ST/STM32CubeIDE_1.19.0/STM32CubeIDE/plugins/com.st.stm32cube.ide.mcu.externaltools.gnu-tools-for-stm32.13.3.rel1.win32_1.0.0.202411081344/tools/bin/../lib/gcc/arm-none-eabi/13.3.1/../../../../arm-none-eabi/lib/thumb/v7e-m+fp/hard\libc_nano.a(libc_a-fflush.o)
                0x0800f7dc                _fflush_r
 .text.memmove  0x0800f82c       0x34 C:/ST/STM32CubeIDE_1.19.0/STM32CubeIDE/plugins/com.st.stm32cube.ide.mcu.externaltools.gnu-tools-for-stm32.13.3.rel1.win32_1.0.0.202411081344/tools/bin/../lib/gcc/arm-none-eabi/13.3.1/../../../../arm-none-eabi/lib/thumb/v7e-m+fp/hard\libc_nano.a(libc_a-memmove.o)
                0x0800f82c                memmove
 .text._sbrk_r  0x0800f860       0x20 C:/ST/STM32CubeIDE_1.19.0/STM32CubeIDE/plugins/com.st.stm32cube.ide.mcu.externaltools.gnu-tools-for-stm32.13.3.rel1.win32_1.0.0.202411081344/tools/bin/../lib/gcc/arm-none-eabi/13.3.1/../../../../arm-none-eabi/lib/thumb/v7e-m+fp/hard\libc_nano.a(libc_a-sbrkr.o)
                0x0800f860                _sbrk_r
 .text.__assert_func
                0x0800f880       0x3c C:/ST/STM32CubeIDE_1.19.0/STM32CubeIDE/plugins/com.st.stm32cube.ide.mcu.externaltools.gnu-tools-for-stm32.13.3.rel1.win32_1.0.0.202411081344/tools/bin/../lib/gcc/arm-none-eabi/13.3.1/../../../../arm-none-eabi/lib/thumb/v7e-m+fp/hard\libc_nano.a(libc_a-assert.o)
                0x0800f880                __assert_func
 .text._calloc_r
                0x0800f8bc       0x28 C:/ST/STM32CubeIDE_1.19.0/STM32CubeIDE/plugins/com.st.stm32cube.ide.mcu.externaltools.gnu-tools-for-stm32.13.3.rel1.win32_1.0.0.202411081344/tools/bin/../lib/gcc/arm-none-eabi/13.3.1/../../../../arm-none-eabi/lib/thumb/v7e-m+fp/hard\libc_nano.a(libc_a-callocr.o)
                0x0800f8bc                _calloc_r
 .text.__ascii_mbtowc
                0x0800f8e4       0x24 C:/ST/STM32CubeIDE_1.19.0/STM32CubeIDE/plugins/com.st.stm32cube.ide.mcu.externaltools.gnu-tools-for-stm32.13.3.rel1.win32_1.0.0.202411081344/tools/bin/../lib/gcc/arm-none-eabi/13.3.1/../../../../arm-none-eabi/lib/thumb/v7e-m+fp/hard\libc_nano.a(libc_a-mbtowc_r.o)
                0x0800f8e4                __ascii_mbtowc
 .text._realloc_r
                0x0800f908       0x5c C:/ST/STM32CubeIDE_1.19.0/STM32CubeIDE/plugins/com.st.stm32cube.ide.mcu.externaltools.gnu-tools-for-stm32.13.3.rel1.win32_1.0.0.202411081344/tools/bin/../lib/gcc/arm-none-eabi/13.3.1/../../../../arm-none-eabi/lib/thumb/v7e-m+fp/hard\libc_nano.a(libc_a-reallocr.o)
                0x0800f908                _realloc_r
 .text.__ascii_wctomb
                0x0800f964       0x1a C:/ST/STM32CubeIDE_1.19.0/STM32CubeIDE/plugins/com.st.stm32cube.ide.mcu.externaltools.gnu-tools-for-stm32.13.3.rel1.win32_1.0.0.202411081344/tools/bin/../lib/gcc/arm-none-eabi/13.3.1/../../../../arm-none-eabi/lib/thumb/v7e-m+fp/hard\libc_nano.a(libc_a-wctomb_r.o)
                0x0800f964                __ascii_wctomb
 *fill*         0x0800f97e        0x2 
 .text.fprintf  0x0800f980       0x24 C:/ST/STM32CubeIDE_1.19.0/STM32CubeIDE/plugins/com.st.stm32cube.ide.mcu.externaltools.gnu-tools-for-stm32.13.3.rel1.win32_1.0.0.202411081344/tools/bin/../lib/gcc/arm-none-eabi/13.3.1/../../../../arm-none-eabi/lib/thumb/v7e-m+fp/hard\libc_nano.a(libc_a-fprintf.o)
                0x0800f980                fiprintf
                0x0800f980                fprintf
 .text.abort    0x0800f9a4        0xe C:/ST/STM32CubeIDE_1.19.0/STM32CubeIDE/plugins/com.st.stm32cube.ide.mcu.externaltools.gnu-tools-for-stm32.13.3.rel1.win32_1.0.0.202411081344/tools/bin/../lib/gcc/arm-none-eabi/13.3.1/../../../../arm-none-eabi/lib/thumb/v7e-m+fp/hard\libc_nano.a(libc_a-abort.o)
                0x0800f9a4                abort
 .text._malloc_usable_size_r
                0x0800f9b2       0x10 C:/ST/STM32CubeIDE_1.19.0/STM32CubeIDE/plugins/com.st.stm32cube.ide.mcu.externaltools.gnu-tools-for-stm32.13.3.rel1.win32_1.0.0.202411081344/tools/bin/../lib/gcc/arm-none-eabi/13.3.1/../../../../arm-none-eabi/lib/thumb/v7e-m+fp/hard\libc_nano.a(libc_a-msizer.o)
                0x0800f9b2                _malloc_usable_size_r
 .text.__sfputc_r
                0x0800f9c2       0x2e C:/ST/STM32CubeIDE_1.19.0/STM32CubeIDE/plugins/com.st.stm32cube.ide.mcu.externaltools.gnu-tools-for-stm32.13.3.rel1.win32_1.0.0.202411081344/tools/bin/../lib/gcc/arm-none-eabi/13.3.1/../../../../arm-none-eabi/lib/thumb/v7e-m+fp/hard\libc_nano.a(libc_a-nano-vfprintf.o)
 .text.__sfputs_r
                0x0800f9f0       0x24 C:/ST/STM32CubeIDE_1.19.0/STM32CubeIDE/plugins/com.st.stm32cube.ide.mcu.externaltools.gnu-tools-for-stm32.13.3.rel1.win32_1.0.0.202411081344/tools/bin/../lib/gcc/arm-none-eabi/13.3.1/../../../../arm-none-eabi/lib/thumb/v7e-m+fp/hard\libc_nano.a(libc_a-nano-vfprintf.o)
                0x0800f9f0                __sfputs_r
 .text._vfprintf_r
                0x0800fa14      0x230 C:/ST/STM32CubeIDE_1.19.0/STM32CubeIDE/plugins/com.st.stm32cube.ide.mcu.externaltools.gnu-tools-for-stm32.13.3.rel1.win32_1.0.0.202411081344/tools/bin/../lib/gcc/arm-none-eabi/13.3.1/../../../../arm-none-eabi/lib/thumb/v7e-m+fp/hard\libc_nano.a(libc_a-nano-vfprintf.o)
                0x0800fa14                _vfprintf_r
                0x0800fa14                _vfiprintf_r
 .text.__swbuf_r
                0x0800fc44       0x7c C:/ST/STM32CubeIDE_1.19.0/STM32CubeIDE/plugins/com.st.stm32cube.ide.mcu.externaltools.gnu-tools-for-stm32.13.3.rel1.win32_1.0.0.202411081344/tools/bin/../lib/gcc/arm-none-eabi/13.3.1/../../../../arm-none-eabi/lib/thumb/v7e-m+fp/hard\libc_nano.a(libc_a-wbuf.o)
                0x0800fc44                __swbuf_r
 .text.__swsetup_r
                0x0800fcc0       0xac C:/ST/STM32CubeIDE_1.19.0/STM32CubeIDE/plugins/com.st.stm32cube.ide.mcu.externaltools.gnu-tools-for-stm32.13.3.rel1.win32_1.0.0.202411081344/tools/bin/../lib/gcc/arm-none-eabi/13.3.1/../../../../arm-none-eabi/lib/thumb/v7e-m+fp/hard\libc_nano.a(libc_a-wsetup.o)
                0x0800fcc0                __swsetup_r
 .text._raise_r
                0x0800fd6c       0x50 C:/ST/STM32CubeIDE_1.19.0/STM32CubeIDE/plugins/com.st.stm32cube.ide.mcu.externaltools.gnu-tools-for-stm32.13.3.rel1.win32_1.0.0.202411081344/tools/bin/../lib/gcc/arm-none-eabi/13.3.1/../../../../arm-none-eabi/lib/thumb/v7e-m+fp/hard\libc_nano.a(libc_a-signal.o)
                0x0800fd6c                _raise_r
 .text.raise    0x0800fdbc       0x10 C:/ST/STM32CubeIDE_1.19.0/STM32CubeIDE/plugins/com.st.stm32cube.ide.mcu.externaltools.gnu-tools-for-stm32.13.3.rel1.win32_1.0.0.202411081344/tools/bin/../lib/gcc/arm-none-eabi/13.3.1/../../../../arm-none-eabi/lib/thumb/v7e-m+fp/hard\libc_nano.a(libc_a-signal.o)
                0x0800fdbc                raise
 .text._kill_r  0x0800fdcc       0x24 C:/ST/STM32CubeIDE_1.19.0/STM32CubeIDE/plugins/com.st.stm32cube.ide.mcu.externaltools.gnu-tools-for-stm32.13.3.rel1.win32_1.0.0.202411081344/tools/bin/../lib/gcc/arm-none-eabi/13.3.1/../../../../arm-none-eabi/lib/thumb/v7e-m+fp/hard\libc_nano.a(libc_a-signalr.o)
                0x0800fdcc                _kill_r
 .text._getpid_r
                0x0800fdf0        0x4 C:/ST/STM32CubeIDE_1.19.0/STM32CubeIDE/plugins/com.st.stm32cube.ide.mcu.externaltools.gnu-tools-for-stm32.13.3.rel1.win32_1.0.0.202411081344/tools/bin/../lib/gcc/arm-none-eabi/13.3.1/../../../../arm-none-eabi/lib/thumb/v7e-m+fp/hard\libc_nano.a(libc_a-signalr.o)
                0x0800fdf0                _getpid_r
 .text.__swhatbuf_r
                0x0800fdf4       0x4c C:/ST/STM32CubeIDE_1.19.0/STM32CubeIDE/plugins/com.st.stm32cube.ide.mcu.externaltools.gnu-tools-for-stm32.13.3.rel1.win32_1.0.0.202411081344/tools/bin/../lib/gcc/arm-none-eabi/13.3.1/../../../../arm-none-eabi/lib/thumb/v7e-m+fp/hard\libc_nano.a(libc_a-makebuf.o)
                0x0800fdf4                __swhatbuf_r
 .text.__smakebuf_r
                0x0800fe40       0x78 C:/ST/STM32CubeIDE_1.19.0/STM32CubeIDE/plugins/com.st.stm32cube.ide.mcu.externaltools.gnu-tools-for-stm32.13.3.rel1.win32_1.0.0.202411081344/tools/bin/../lib/gcc/arm-none-eabi/13.3.1/../../../../arm-none-eabi/lib/thumb/v7e-m+fp/hard\libc_nano.a(libc_a-makebuf.o)
                0x0800fe40                __smakebuf_r
 .text._fstat_r
                0x0800feb8       0x24 C:/ST/STM32CubeIDE_1.19.0/STM32CubeIDE/plugins/com.st.stm32cube.ide.mcu.externaltools.gnu-tools-for-stm32.13.3.rel1.win32_1.0.0.202411081344/tools/bin/../lib/gcc/arm-none-eabi/13.3.1/../../../../arm-none-eabi/lib/thumb/v7e-m+fp/hard\libc_nano.a(libc_a-fstatr.o)
                0x0800feb8                _fstat_r
 .text._isatty_r
                0x0800fedc       0x20 C:/ST/STM32CubeIDE_1.19.0/STM32CubeIDE/plugins/com.st.stm32cube.ide.mcu.externaltools.gnu-tools-for-stm32.13.3.rel1.win32_1.0.0.202411081344/tools/bin/../lib/gcc/arm-none-eabi/13.3.1/../../../../arm-none-eabi/lib/thumb/v7e-m+fp/hard\libc_nano.a(libc_a-isattyr.o)
                0x0800fedc                _isatty_r
 *(.glue_7)
 .glue_7        0x0800fefc        0x0 linker stubs
 *(.glue_7t)
 .glue_7t       0x0800fefc        0x0 linker stubs
 *(.eh_frame)
 .eh_frame      0x0800fefc        0x0 C:/ST/STM32CubeIDE_1.19.0/STM32CubeIDE/plugins/com.st.stm32cube.ide.mcu.externaltools.gnu-tools-for-stm32.13.3.rel1.win32_1.0.0.202411081344/tools/bin/../lib/gcc/arm-none-eabi/13.3.1/thumb/v7e-m+fp/hard/crtbegin.o
 *(.init)
 .init          0x0800fefc        0x4 C:/ST/STM32CubeIDE_1.19.0/STM32CubeIDE/plugins/com.st.stm32cube.ide.mcu.externaltools.gnu-tools-for-stm32.13.3.rel1.win32_1.0.0.202411081344/tools/bin/../lib/gcc/arm-none-eabi/13.3.1/thumb/v7e-m+fp/hard/crti.o
                0x0800fefc                _init
 .init          0x0800ff00        0x8 C:/ST/STM32CubeIDE_1.19.0/STM32CubeIDE/plugins/com.st.stm32cube.ide.mcu.externaltools.gnu-tools-for-stm32.13.3.rel1.win32_1.0.0.202411081344/tools/bin/../lib/gcc/arm-none-eabi/13.3.1/thumb/v7e-m+fp/hard/crtn.o
 *(.fini)
 .fini          0x0800ff08        0x4 C:/ST/STM32CubeIDE_1.19.0/STM32CubeIDE/plugins/com.st.stm32cube.ide.mcu.externaltools.gnu-tools-for-stm32.13.3.rel1.win32_1.0.0.202411081344/tools/bin/../lib/gcc/arm-none-eabi/13.3.1/thumb/v7e-m+fp/hard/crti.o
                0x0800ff08                _fini
 .fini          0x0800ff0c        0x8 C:/ST/STM32CubeIDE_1.19.0/STM32CubeIDE/plugins/com.st.stm32cube.ide.mcu.externaltools.gnu-tools-for-stm32.13.3.rel1.win32_1.0.0.202411081344/tools/bin/../lib/gcc/arm-none-eabi/13.3.1/thumb/v7e-m+fp/hard/crtn.o
                0x0800ff14                        . = ALIGN (0x4)
                0x0800ff14                        _etext = .

.vfp11_veneer   0x0800ff14        0x0
 .vfp11_veneer  0x0800ff14        0x0 linker stubs

.v4_bx          0x0800ff14        0x0
 .v4_bx         0x0800ff14        0x0 linker stubs

.iplt           0x0800ff14        0x0
 .iplt          0x0800ff14        0x0 C:/ST/STM32CubeIDE_1.19.0/STM32CubeIDE/plugins/com.st.stm32cube.ide.mcu.externaltools.gnu-tools-for-stm32.13.3.rel1.win32_1.0.0.202411081344/tools/bin/../lib/gcc/arm-none-eabi/13.3.1/thumb/v7e-m+fp/hard/crtbegin.o

.rodata         0x0800ff18     0x20bc
                0x0800ff18                        . = ALIGN (0x4)
 *(.rodata)
 .rodata        0x0800ff18      0x778 ./Core/Src/main.o
 .rodata        0x08010690        0x5 ./Middlewares/Third_Party/FreeRTOS/Source/tasks.o
 *fill*         0x08010695        0x3 
 .rodata        0x08010698        0xd ./Middlewares/Third_Party/FreeRTOS/Source/timers.o
 *(.rodata*)
 *fill*         0x080106a5        0x3 
 .rodata.Font7x10
                0x080106a8      0x76c ./Core/Src/fonts.o
                0x080106a8                Font7x10
 .rodata.Font11x18
                0x08010e14      0xd5c ./Core/Src/fonts.o
                0x08010e14                Font11x18
 .rodata.defaultTask_attributes
                0x08011b70       0x24 ./Core/Src/main.o
                0x08011b70                defaultTask_attributes
 .rodata.sensorTask_attributes
                0x08011b94       0x24 ./Core/Src/main.o
                0x08011b94                sensorTask_attributes
 .rodata.uartTask_attributes
                0x08011bb8       0x24 ./Core/Src/main.o
                0x08011bb8                uartTask_attributes
 .rodata.ledTask_attributes
                0x08011bdc       0x24 ./Core/Src/main.o
                0x08011bdc                ledTask_attributes
 .rodata.monitorTask_attributes
                0x08011c00       0x24 ./Core/Src/main.o
                0x08011c00                monitorTask_attributes
 .rodata.oledTask_attributes
                0x08011c24       0x24 ./Core/Src/main.o
                0x08011c24                oledTask_attributes
 .rodata.AHBPrescTable
                0x08011c48       0x10 ./Core/Src/system_stm32f4xx.o
                0x08011c48                AHBPrescTable
 .rodata.APBPrescTable
                0x08011c58        0x8 ./Core/Src/system_stm32f4xx.o
                0x08011c58                APBPrescTable
 .rodata._printf_float.str1.1
                0x08011c60      0x171 C:/ST/STM32CubeIDE_1.19.0/STM32CubeIDE/plugins/com.st.stm32cube.ide.mcu.externaltools.gnu-tools-for-stm32.13.3.rel1.win32_1.0.0.202411081344/tools/bin/../lib/gcc/arm-none-eabi/13.3.1/../../../../arm-none-eabi/lib/thumb/v7e-m+fp/hard\libc_nano.a(libc_a-nano-vfprintf_float.o)
                                 0x12 (size before relaxing)
 .rodata._printf_i.str1.1
                0x08011dd1       0x22 C:/ST/STM32CubeIDE_1.19.0/STM32CubeIDE/plugins/com.st.stm32cube.ide.mcu.externaltools.gnu-tools-for-stm32.13.3.rel1.win32_1.0.0.202411081344/tools/bin/../lib/gcc/arm-none-eabi/13.3.1/../../../../arm-none-eabi/lib/thumb/v7e-m+fp/hard\libc_nano.a(libc_a-nano-vfprintf_i.o)
 .rodata._dtoa_r.str1.1
                0x08011dd1       0x8f C:/ST/STM32CubeIDE_1.19.0/STM32CubeIDE/plugins/com.st.stm32cube.ide.mcu.externaltools.gnu-tools-for-stm32.13.3.rel1.win32_1.0.0.202411081344/tools/bin/../lib/gcc/arm-none-eabi/13.3.1/../../../../arm-none-eabi/lib/thumb/v7e-m+fp/hard\libc_nano.a(libc_a-dtoa.o)
 .rodata._Balloc.str1.1
                0x08011dd1       0x70 C:/ST/STM32CubeIDE_1.19.0/STM32CubeIDE/plugins/com.st.stm32cube.ide.mcu.externaltools.gnu-tools-for-stm32.13.3.rel1.win32_1.0.0.202411081344/tools/bin/../lib/gcc/arm-none-eabi/13.3.1/../../../../arm-none-eabi/lib/thumb/v7e-m+fp/hard\libc_nano.a(libc_a-mprec.o)
 .rodata.__multadd.str1.1
                0x08011dd1       0x11 C:/ST/STM32CubeIDE_1.19.0/STM32CubeIDE/plugins/com.st.stm32cube.ide.mcu.externaltools.gnu-tools-for-stm32.13.3.rel1.win32_1.0.0.202411081344/tools/bin/../lib/gcc/arm-none-eabi/13.3.1/../../../../arm-none-eabi/lib/thumb/v7e-m+fp/hard\libc_nano.a(libc_a-mprec.o)
 *fill*         0x08011dd1        0x3 
 .rodata.p05.0  0x08011dd4        0xc C:/ST/STM32CubeIDE_1.19.0/STM32CubeIDE/plugins/com.st.stm32cube.ide.mcu.externaltools.gnu-tools-for-stm32.13.3.rel1.win32_1.0.0.202411081344/tools/bin/../lib/gcc/arm-none-eabi/13.3.1/../../../../arm-none-eabi/lib/thumb/v7e-m+fp/hard\libc_nano.a(libc_a-mprec.o)
 .rodata.__mprec_bigtens
                0x08011de0       0x28 C:/ST/STM32CubeIDE_1.19.0/STM32CubeIDE/plugins/com.st.stm32cube.ide.mcu.externaltools.gnu-tools-for-stm32.13.3.rel1.win32_1.0.0.202411081344/tools/bin/../lib/gcc/arm-none-eabi/13.3.1/../../../../arm-none-eabi/lib/thumb/v7e-m+fp/hard\libc_nano.a(libc_a-mprec.o)
                0x08011de0                __mprec_bigtens
 .rodata.__mprec_tens
                0x08011e08       0xc8 C:/ST/STM32CubeIDE_1.19.0/STM32CubeIDE/plugins/com.st.stm32cube.ide.mcu.externaltools.gnu-tools-for-stm32.13.3.rel1.win32_1.0.0.202411081344/tools/bin/../lib/gcc/arm-none-eabi/13.3.1/../../../../arm-none-eabi/lib/thumb/v7e-m+fp/hard\libc_nano.a(libc_a-mprec.o)
                0x08011e08                __mprec_tens
 .rodata._svfprintf_r.str1.1