../Drivers/CMSIS/Include/core_cm4.h:1938:34:__NVIC_SystemReset	4	static,ignoring_inline_asm
../Core/Src/main.c:269:5:main	80	static
../Core/Src/main.c:421:6:SystemClock_Config	88	static
../Core/Src/main.c:467:13:MX_ADC1_Init	24	static
../Core/Src/main.c:519:13:MX_I2C2_Init	8	static
../Core/Src/main.c:553:13:MX_I2C3_Init	8	static
../Core/Src/main.c:587:13:MX_SPI3_Init	8	static
../Core/Src/main.c:625:13:MX_TIM2_Init	32	static
../Core/Src/main.c:670:13:MX_USART2_UART_Init	8	static
../Core/Src/main.c:703:13:MX_GPIO_Init	48	static
../Core/Src/main.c:772:6:InitializeSensors	8	static
../Core/Src/main.c:819:6:ReadAllSensorData	16	static
../Core/Src/main.c:879:6:FormatSensorData	160	static
../Core/Src/main.c:921:6:ProcessUartCommand	72	static
../Core/Src/main.c:981:19:SendUartMessage	16	static
../Core/Src/main.c:993:6:InitializeSoilSensor	4	static
../Core/Src/main.c:1005:10:ReadSoilMoistureSensor	24	static
../Core/Src/main.c:1036:7:ConvertSoilMoistureToPercentage	24	static
../Core/Src/main.c:1055:6:IsSoilMoistureLow	16	static
../Core/Src/main.c:1065:6:CheckIrrigationNeeds	304	static
../Core/Src/main.c:1098:6:DisplaySensorDataOnOled	64	static
../Core/Src/main.c:1253:6:UpdateSystemStatus	8	static
../Core/Src/main.c:1272:6:LED_On	8	static
../Core/Src/main.c:1281:6:LED_Off	8	static
../Core/Src/main.c:1290:6:LED_Toggle	8	static
../Core/Src/main.c:1300:6:LED_SetSensorStatus	24	static
../Core/Src/main.c:1327:6:Button_Init	4	static
../Core/Src/main.c:1337:6:Button_IsPressed	16	static
../Core/Src/main.c:1372:6:Button_HandlePageSwitch	16	static
../Core/Src/main.c:1403:6:I2C_Scanner	120	static
../Core/Src/main.c:1434:6:SensorReadingTask	352	static
../Core/Src/main.c:1512:6:UartCommunicationTask	584	static
../Core/Src/main.c:1563:6:LedStatusTask	24	static
../Core/Src/main.c:1593:6:SystemMonitorTask	320	static
../Core/Src/main.c:1623:6:OledDisplayTask	16	static
../Core/Src/main.c:1653:6:StartDefaultTask	16	static
../Core/Src/main.c:1672:6:HAL_TIM_PeriodElapsedCallback	16	static
../Core/Src/main.c:1690:6:Error_Handler	4	static,ignoring_inline_asm
